Archive member included to satisfy reference by file (symbol)

C:/ST/STM32CubeIDE_1.17.0/STM32CubeIDE/plugins/com.st.stm32cube.ide.mcu.externaltools.gnu-tools-for-stm32.12.3.rel1.win32_1.1.0.202410251130/tools/bin/../lib/gcc/arm-none-eabi/12.3.1/../../../../arm-none-eabi/lib/thumb/v7e-m+fp/hard\libc_nano.a(libc_a-exit.o)
                              C:/ST/STM32CubeIDE_1.17.0/STM32CubeIDE/plugins/com.st.stm32cube.ide.mcu.externaltools.gnu-tools-for-stm32.12.3.rel1.win32_1.1.0.202410251130/tools/bin/../lib/gcc/arm-none-eabi/12.3.1/../../../../arm-none-eabi/lib/thumb/v7e-m+fp/hard/crt0.o (exit)
C:/ST/STM32CubeIDE_1.17.0/STM32CubeIDE/plugins/com.st.stm32cube.ide.mcu.externaltools.gnu-tools-for-stm32.12.3.rel1.win32_1.1.0.202410251130/tools/bin/../lib/gcc/arm-none-eabi/12.3.1/../../../../arm-none-eabi/lib/thumb/v7e-m+fp/hard\libc_nano.a(libc_a-findfp.o)
                              C:/ST/STM32CubeIDE_1.17.0/STM32CubeIDE/plugins/com.st.stm32cube.ide.mcu.externaltools.gnu-tools-for-stm32.12.3.rel1.win32_1.1.0.202410251130/tools/bin/../lib/gcc/arm-none-eabi/12.3.1/../../../../arm-none-eabi/lib/thumb/v7e-m+fp/hard\libc_nano.a(libc_a-exit.o) (__stdio_exit_handler)
C:/ST/STM32CubeIDE_1.17.0/STM32CubeIDE/plugins/com.st.stm32cube.ide.mcu.externaltools.gnu-tools-for-stm32.12.3.rel1.win32_1.1.0.202410251130/tools/bin/../lib/gcc/arm-none-eabi/12.3.1/../../../../arm-none-eabi/lib/thumb/v7e-m+fp/hard\libc_nano.a(libc_a-fwalk.o)
                              C:/ST/STM32CubeIDE_1.17.0/STM32CubeIDE/plugins/com.st.stm32cube.ide.mcu.externaltools.gnu-tools-for-stm32.12.3.rel1.win32_1.1.0.202410251130/tools/bin/../lib/gcc/arm-none-eabi/12.3.1/../../../../arm-none-eabi/lib/thumb/v7e-m+fp/hard\libc_nano.a(libc_a-findfp.o) (_fwalk_sglue)
C:/ST/STM32CubeIDE_1.17.0/STM32CubeIDE/plugins/com.st.stm32cube.ide.mcu.externaltools.gnu-tools-for-stm32.12.3.rel1.win32_1.1.0.202410251130/tools/bin/../lib/gcc/arm-none-eabi/12.3.1/../../../../arm-none-eabi/lib/thumb/v7e-m+fp/hard\libc_nano.a(libc_a-snprintf.o)
                              ./Core/Src/main.o (snprintf)
C:/ST/STM32CubeIDE_1.17.0/STM32CubeIDE/plugins/com.st.stm32cube.ide.mcu.externaltools.gnu-tools-for-stm32.12.3.rel1.win32_1.1.0.202410251130/tools/bin/../lib/gcc/arm-none-eabi/12.3.1/../../../../arm-none-eabi/lib/thumb/v7e-m+fp/hard\libc_nano.a(libc_a-sprintf.o)
                              ./Core/Src/main.o (sprintf)
C:/ST/STM32CubeIDE_1.17.0/STM32CubeIDE/plugins/com.st.stm32cube.ide.mcu.externaltools.gnu-tools-for-stm32.12.3.rel1.win32_1.1.0.202410251130/tools/bin/../lib/gcc/arm-none-eabi/12.3.1/../../../../arm-none-eabi/lib/thumb/v7e-m+fp/hard\libc_nano.a(libc_a-sscanf.o)
                              ./Core/Src/main.o (sscanf)
C:/ST/STM32CubeIDE_1.17.0/STM32CubeIDE/plugins/com.st.stm32cube.ide.mcu.externaltools.gnu-tools-for-stm32.12.3.rel1.win32_1.1.0.202410251130/tools/bin/../lib/gcc/arm-none-eabi/12.3.1/../../../../arm-none-eabi/lib/thumb/v7e-m+fp/hard\libc_nano.a(libc_a-stdio.o)
                              C:/ST/STM32CubeIDE_1.17.0/STM32CubeIDE/plugins/com.st.stm32cube.ide.mcu.externaltools.gnu-tools-for-stm32.12.3.rel1.win32_1.1.0.202410251130/tools/bin/../lib/gcc/arm-none-eabi/12.3.1/../../../../arm-none-eabi/lib/thumb/v7e-m+fp/hard\libc_nano.a(libc_a-findfp.o) (__sread)
C:/ST/STM32CubeIDE_1.17.0/STM32CubeIDE/plugins/com.st.stm32cube.ide.mcu.externaltools.gnu-tools-for-stm32.12.3.rel1.win32_1.1.0.202410251130/tools/bin/../lib/gcc/arm-none-eabi/12.3.1/../../../../arm-none-eabi/lib/thumb/v7e-m+fp/hard\libc_nano.a(libc_a-memset.o)
                              C:/ST/STM32CubeIDE_1.17.0/STM32CubeIDE/plugins/com.st.stm32cube.ide.mcu.externaltools.gnu-tools-for-stm32.12.3.rel1.win32_1.1.0.202410251130/tools/bin/../lib/gcc/arm-none-eabi/12.3.1/../../../../arm-none-eabi/lib/thumb/v7e-m+fp/hard/crt0.o (memset)
C:/ST/STM32CubeIDE_1.17.0/STM32CubeIDE/plugins/com.st.stm32cube.ide.mcu.externaltools.gnu-tools-for-stm32.12.3.rel1.win32_1.1.0.202410251130/tools/bin/../lib/gcc/arm-none-eabi/12.3.1/../../../../arm-none-eabi/lib/thumb/v7e-m+fp/hard\libc_nano.a(libc_a-strcspn.o)
                              ./Core/Src/main.o (strcspn)
C:/ST/STM32CubeIDE_1.17.0/STM32CubeIDE/plugins/com.st.stm32cube.ide.mcu.externaltools.gnu-tools-for-stm32.12.3.rel1.win32_1.1.0.202410251130/tools/bin/../lib/gcc/arm-none-eabi/12.3.1/../../../../arm-none-eabi/lib/thumb/v7e-m+fp/hard\libc_nano.a(libc_a-strncmp.o)
                              ./Core/Src/main.o (strncmp)
C:/ST/STM32CubeIDE_1.17.0/STM32CubeIDE/plugins/com.st.stm32cube.ide.mcu.externaltools.gnu-tools-for-stm32.12.3.rel1.win32_1.1.0.202410251130/tools/bin/../lib/gcc/arm-none-eabi/12.3.1/../../../../arm-none-eabi/lib/thumb/v7e-m+fp/hard\libc_nano.a(libc_a-closer.o)
[...]
Memory Configuration

Name             Origin             Length             Attributes
RAM              0x20000000         0x00020000         xrw
FLASH            0x08000000         0x00080000         xr
*default*        0x00000000         0xffffffff

Linker script and memory map

LOAD C:/ST/STM32CubeIDE_1.17.0/STM32CubeIDE/plugins/com.st.stm32cube.ide.mcu.externaltools.gnu-tools-for-stm32.12.3.rel1.win32_1.1.0.202410251130/tools/bin/../lib/gcc/arm-none-eabi/12.3.1/thumb/v7e-m+fp/hard/crti.o
LOAD C:/ST/STM32CubeIDE_1.17.0/STM32CubeIDE/plugins/com.st.stm32cube.ide.mcu.externaltools.gnu-tools-for-stm32.12.3.rel1.win32_1.1.0.202410251130/tools/bin/../lib/gcc/arm-none-eabi/12.3.1/thumb/v7e-m+fp/hard/crtbegin.o
LOAD C:/ST/STM32CubeIDE_1.17.0/STM32CubeIDE/plugins/com.st.stm32cube.ide.mcu.externaltools.gnu-tools-for-stm32.12.3.rel1.win32_1.1.0.202410251130/tools/bin/../lib/gcc/arm-none-eabi/12.3.1/../../../../arm-none-eabi/lib/thumb/v7e-m+fp/hard/crt0.o
LOAD ./Core/Src/freertos.o
LOAD ./Core/Src/main.o
LOAD ./Core/Src/segment_display.o
LOAD ./Core/Src/stm32f4xx_hal_msp.o
LOAD ./Core/Src/stm32f4xx_it.o
LOAD ./Core/Src/syscalls.o
LOAD ./Core/Src/sysmem.o
LOAD ./Core/Src/system_stm32f4xx.o
LOAD ./Core/Startup/startup_stm32f411vetx.o
LOAD ./Drivers/OLED/ssd1306.o
LOAD ./Drivers/OLED/ssd1306_fonts.o
LOAD ./Drivers/STM32F4xx_HAL_Driver/Src/stm32f4xx_hal.o
LOAD ./Drivers/STM32F4xx_HAL_Driver/Src/stm32f4xx_hal_cortex.o
LOAD ./Drivers/STM32F4xx_HAL_Driver/Src/stm32f4xx_hal_dma.o
LOAD ./Drivers/STM32F4xx_HAL_Driver/Src/stm32f4xx_hal_dma_ex.o
LOAD ./Drivers/STM32F4xx_HAL_Driver/Src/stm32f4xx_hal_exti.o
LOAD ./Drivers/STM32F4xx_HAL_Driver/Src/stm32f4xx_hal_flash.o
LOAD ./Drivers/STM32F4xx_HAL_Driver/Src/stm32f4xx_hal_flash_ex.o
LOAD ./Drivers/STM32F4xx_HAL_Driver/Src/stm32f4xx_hal_flash_ramfunc.o
LOAD ./Drivers/STM32F4xx_HAL_Driver/Src/stm32f4xx_hal_gpio.o
LOAD ./Drivers/STM32F4xx_HAL_Driver/Src/stm32f4xx_hal_i2c.o
LOAD ./Drivers/STM32F4xx_HAL_Driver/Src/stm32f4xx_hal_i2c_ex.o
LOAD ./Drivers/STM32F4xx_HAL_Driver/Src/stm32f4xx_hal_i2s.o
LOAD ./Drivers/STM32F4xx_HAL_Driver/Src/stm32f4xx_hal_i2s_ex.o
LOAD ./Drivers/STM32F4xx_HAL_Driver/Src/stm32f4xx_hal_pcd.o
LOAD ./Drivers/STM32F4xx_HAL_Driver/Src/stm32f4xx_hal_pcd_ex.o
LOAD ./Drivers/STM32F4xx_HAL_Driver/Src/stm32f4xx_hal_pwr.o
LOAD ./Drivers/STM32F4xx_HAL_Driver/Src/stm32f4xx_hal_pwr_ex.o
LOAD ./Drivers/STM32F4xx_HAL_Driver/Src/stm32f4xx_hal_rcc.o
LOAD ./Drivers/STM32F4xx_HAL_Driver/Src/stm32f4xx_hal_rcc_ex.o
LOAD ./Drivers/STM32F4xx_HAL_Driver/Src/stm32f4xx_hal_spi.o
LOAD ./Drivers/STM32F4xx_HAL_Driver/Src/stm32f4xx_ll_usb.o
LOAD ./Middlewares/ST/STM32_USB_Device_Library/Class/CDC/Src/usbd_cdc.o
LOAD ./Middlewares/ST/STM32_USB_Device_Library/Core/Src/usbd_core.o
LOAD ./Middlewares/ST/STM32_USB_Device_Library/Core/Src/usbd_ctlreq.o
LOAD ./Middlewares/ST/STM32_USB_Device_Library/Core/Src/usbd_ioreq.o
LOAD ./Middlewares/Third_Party/FreeRTOS/Source/CMSIS_RTOS_V2/cmsis_os2.o
LOAD ./Middlewares/Third_Party/FreeRTOS/Source/croutine.o
LOAD ./Middlewares/Third_Party/FreeRTOS/Source/event_groups.o
LOAD ./Middlewares/Third_Party/FreeRTOS/Source/list.o
LOAD ./Middlewares/Third_Party/FreeRTOS/Source/queue.o
LOAD ./Middlewares/Third_Party/FreeRTOS/Source/stream_buffer.o
LOAD ./Middlewares/Third_Party/FreeRTOS/Source/tasks.o
LOAD ./Middlewares/Third_Party/FreeRTOS/Source/timers.o
LOAD ./Middlewares/Third_Party/FreeRTOS/Source/portable/GCC/ARM_CM4F/port.o
LOAD ./Middlewares/Third_Party/FreeRTOS/Source/portable/MemMang/heap_4.o
LOAD ./USB_DEVICE/App/usb_device.o
LOAD ./USB_DEVICE/App/usbd_cdc_if.o
LOAD ./USB_DEVICE/App/usbd_desc.o
LOAD ./USB_DEVICE/Target/usbd_conf.o
START GROUP
LOAD C:/ST/STM32CubeIDE_1.17.0/STM32CubeIDE/plugins/com.st.stm32cube.ide.mcu.externaltools.gnu-tools-for-stm32.12.3.rel1.win32_1.1.0.202410251130/tools/bin/../lib/gcc/arm-none-eabi/12.3.1/../../../../arm-none-eabi/lib/thumb/v7e-m+fp/hard\libc_nano.a
LOAD C:/ST/STM32CubeIDE_1.17.0/STM32CubeIDE/plugins/com.st.stm32cube.ide.mcu.externaltools.gnu-tools-for-stm32.12.3.rel1.win32_1.1.0.202410251130/tools/bin/../lib/gcc/arm-none-eabi/12.3.1/../../../../arm-none-eabi/lib/thumb/v7e-m+fp/hard\libm.a
END GROUP
START GROUP
LOAD C:/ST/STM32CubeIDE_1.17.0/STM32CubeIDE/plugins/com.st.stm32cube.ide.mcu.externaltools.gnu-tools-for-stm32.12.3.rel1.win32_1.1.0.202410251130/tools/bin/../lib/gcc/arm-none-eabi/12.3.1/thumb/v7e-m+fp/hard\libgcc.a
LOAD C:/ST/STM32CubeIDE_1.17.0/STM32CubeIDE/plugins/com.st.stm32cube.ide.mcu.externaltools.gnu-tools-for-stm32.12.3.rel1.win32_1.1.0.202410251130/tools/bin/../lib/gcc/arm-none-eabi/12.3.1/../../../../arm-none-eabi/lib/thumb/v7e-m+fp/hard\libc_nano.a
END GROUP
START GROUP
LOAD C:/ST/STM32CubeIDE_1.17.0/STM32CubeIDE/plugins/com.st.stm32cube.ide.mcu.externaltools.gnu-tools-for-stm32.12.3.rel1.win32_1.1.0.202410251130/tools/bin/../lib/gcc/arm-none-eabi/12.3.1/thumb/v7e-m+fp/hard\libgcc.a
LOAD C:/ST/STM32CubeIDE_1.17.0/STM32CubeIDE/plugins/com.st.stm32cube.ide.mcu.externaltools.gnu-tools-for-stm32.12.3.rel1.win32_1.1.0.202410251130/tools/bin/../lib/gcc/arm-none-eabi/12.3.1/../../../../arm-none-eabi/lib/thumb/v7e-m+fp/hard\libc_nano.a
LOAD C:/ST/STM32CubeIDE_1.17.0/STM32CubeIDE/plugins/com.st.stm32cube.ide.mcu.externaltools.gnu-tools-for-stm32.12.3.rel1.win32_1.1.0.202410251130/tools/bin/../lib/gcc/arm-none-eabi/12.3.1/../../../../arm-none-eabi/lib/thumb/v7e-m+fp/hard\libnosys.a
END GROUP
START GROUP
LOAD C:/ST/STM32CubeIDE_1.17.0/STM32CubeIDE/plugins/com.st.stm32cube.ide.mcu.externaltools.gnu-tools-for-stm32.12.3.rel1.win32_1.1.0.202410251130/tools/bin/../lib/gcc/arm-none-eabi/12.3.1/thumb/v7e-m+fp/hard\libgcc.a
LOAD C:/ST/STM32CubeIDE_1.17.0/STM32CubeIDE/plugins/com.st.stm32cube.ide.mcu.externaltools.gnu-tools-for-stm32.12.3.rel1.win32_1.1.0.202410251130/tools/bin/../lib/gcc/arm-none-eabi/12.3.1/../../../../arm-none-eabi/lib/thumb/v7e-m+fp/hard\libc_nano.a
LOAD C:/ST/STM32CubeIDE_1.17.0/STM32CubeIDE/plugins/com.st.stm32cube.ide.mcu.externaltools.gnu-tools-for-stm32.12.3.rel1.win32_1.1.0.202410251130/tools/bin/../lib/gcc/arm-none-eabi/12.3.1/../../../../arm-none-eabi/lib/thumb/v7e-m+fp/hard\libnosys.a
END GROUP
LOAD C:/ST/STM32CubeIDE_1.17.0/STM32CubeIDE/plugins/com.st.stm32cube.ide.mcu.externaltools.gnu-tools-for-stm32.12.3.rel1.win32_1.1.0.202410251130/tools/bin/../lib/gcc/arm-none-eabi/12.3.1/thumb/v7e-m+fp/hard/crtend.o
LOAD C:/ST/STM32CubeIDE_1.17.0/STM32CubeIDE/plugins/com.st.stm32cube.ide.mcu.externaltools.gnu-tools-for-stm32.12.3.rel1.win32_1.1.0.202410251130/tools/bin/../lib/gcc/arm-none-eabi/12.3.1/thumb/v7e-m+fp/hard/crtn.o
                0x20020000                        _estack = (ORIGIN (RAM) + LENGTH (RAM))
                0x00000200                        _Min_Heap_Size = 0x200
                0x00000400                        _Min_Stack_Size = 0x400

.isr_vector     0x08000000      0x198
                0x08000000                        . = ALIGN (0x4)
 *(.isr_vector)
 .isr_vector    0x08000000      0x198 ./Core/Startup/startup_stm32f411vetx.o
                0x08000000                g_pfnVectors
                0x08000198                        . = ALIGN (0x4)

.text           0x080001a0     0xd8c8
                0x080001a0                        . = ALIGN (0x4)
 *(.text)
 .text          0x080001a0       0x40 C:/ST/STM32CubeIDE_1.17.0/STM32CubeIDE/plugins/com.st.stm32cube.ide.mcu.externaltools.gnu-tools-for-stm32.12.3.rel1.win32_1.1.0.202410251130/tools/bin/../lib/gcc/arm-none-eabi/12.3.1/thumb/v7e-m+fp/hard/crtbegin.o
 .text          0x080001e0       0x14 C:/ST/STM32CubeIDE_1.17.0/STM32CubeIDE/plugins/com.st.stm32cube.ide.mcu.externaltools.gnu-tools-for-stm32.12.3.rel1.win32_1.1.0.202410251130/tools/bin/../lib/gcc/arm-none-eabi/12.3.1/../../../../arm-none-eabi/lib/thumb/v7e-m+fp/hard\libc_nano.a(libc_a-strcmp.o)
                0x080001e0                strcmp
 .text          0x080001f4       0x10 C:/ST/STM32CubeIDE_1.17.0/STM32CubeIDE/plugins/com.st.stm32cube.ide.mcu.externaltools.gnu-tools-for-stm32.12.3.rel1.win32_1.1.0.202410251130/tools/bin/../lib/gcc/arm-none-eabi/12.3.1/../../../../arm-none-eabi/lib/thumb/v7e-m+fp/hard\libc_nano.a(libc_a-strlen.o)
                0x080001f4                strlen
 *fill*         0x08000204        0xc 
 .text          0x08000210       0xa0 C:/ST/STM32CubeIDE_1.17.0/STM32CubeIDE/plugins/com.st.stm32cube.ide.mcu.externaltools.gnu-tools-for-stm32.12.3.rel1.win32_1.1.0.202410251130/tools/bin/../lib/gcc/arm-none-eabi/12.3.1/../../../../arm-none-eabi/lib/thumb/v7e-m+fp/hard\libc_nano.a(libc_a-memchr.o)
                0x08000210                memchr
 .text          0x080002b0       0x30 C:/ST/STM32CubeIDE_1.17.0/STM32CubeIDE/plugins/com.st.stm32cube.ide.mcu.externaltools.gnu-tools-for-stm32.12.3.rel1.win32_1.1.0.202410251130/tools/bin/../lib/gcc/arm-none-eabi/12.3.1/thumb/v7e-m+fp/hard\libgcc.a(_aeabi_uldivmod.o)
                0x080002b0                __aeabi_uldivmod
 .text          0x080002e0      0x2bc C:/ST/STM32CubeIDE_1.17.0/STM32CubeIDE/plugins/com.st.stm32cube.ide.mcu.externaltools.gnu-tools-for-stm32.12.3.rel1.win32_1.1.0.202410251130/tools/bin/../lib/gcc/arm-none-eabi/12.3.1/thumb/v7e-m+fp/hard\libgcc.a(_udivmoddi4.o)
                0x080002e0                __udivmoddi4
 .text          0x0800059c        0x4 C:/ST/STM32CubeIDE_1.17.0/STM32CubeIDE/plugins/com.st.stm32cube.ide.mcu.externaltools.gnu-tools-for-stm32.12.3.rel1.win32_1.1.0.202410251130/tools/bin/../lib/gcc/arm-none-eabi/12.3.1/thumb/v7e-m+fp/hard\libgcc.a(_dvmd_tls.o)
                0x0800059c                __aeabi_idiv0
                0x0800059c                __aeabi_ldiv0
 *(.text*)
 .text.initParkingSpots
                0x080005a0       0x70 ./Core/Src/main.o
                0x080005a0                initParkingSpots
 .text.main     0x08000610      0x120 ./Core/Src/main.o
                0x08000610                main
 .text.SystemClock_Config
                0x08000730       0xd0 ./Core/Src/main.o
                0x08000730                SystemClock_Config
 .text.PeriphCommonClock_Config
                0x08000800       0x40 ./Core/Src/main.o
                0x08000800                PeriphCommonClock_Config
 .text.MX_I2C1_Init
                0x08000840       0x5c ./Core/Src/main.o
 .text.MX_I2S2_Init
                0x0800089c       0x5c ./Core/Src/main.o
 .text.MX_I2S3_Init
                0x080008f8       0x60 ./Core/Src/main.o
 .text.MX_SPI1_Init
                0x08000958       0x6c ./Core/Src/main.o
 .text.MX_GPIO_Init
                0x080009c4      0x1b4 ./Core/Src/main.o
 .text.StartUsbCommTask
                0x08000b78       0x8c ./Core/Src/main.o
                0x08000b78                StartUsbCommTask
 .text.StartParkingManagerTask
                0x08000c04      0x3f8 ./Core/Src/main.o
                0x08000c04                StartParkingManagerTask
 .text.StartDisplayTask
                0x08000ffc       0xf8 ./Core/Src/main.o
                0x08000ffc                StartDisplayTask
 .text.Error_Handler
                0x080010f4        0xc ./Core/Src/main.o
                0x080010f4                Error_Handler
 .text.HAL_MspInit
                0x08001100       0x58 ./Core/Src/stm32f4xx_hal_msp.o
                0x08001100                HAL_MspInit
 .text.HAL_I2C_MspInit
                0x08001158       0x90 ./Core/Src/stm32f4xx_hal_msp.o
                0x08001158                HAL_I2C_MspInit
 .text.HAL_I2S_MspInit
                0x080011e8      0x19c ./Core/Src/stm32f4xx_hal_msp.o
                0x080011e8                HAL_I2S_MspInit
 .text.HAL_SPI_MspInit
                0x08001384       0x90 ./Core/Src/stm32f4xx_hal_msp.o
                0x08001384                HAL_SPI_MspInit
 .text.NMI_Handler
                0x08001414        0x8 ./Core/Src/stm32f4xx_it.o
                0x08001414                NMI_Handler
 .text.HardFault_Handler
                0x0800141c        0x8 ./Core/Src/stm32f4xx_it.o
                0x0800141c                HardFault_Handler
 .text.MemManage_Handler
                0x08001424        0x8 ./Core/Src/stm32f4xx_it.o
                0x08001424                MemManage_Handler
 .text.BusFault_Handler
                0x0800142c        0x8 ./Core/Src/stm32f4xx_it.o
                0x0800142c                BusFault_Handler
 .text.UsageFault_Handler
                0x08001434        0x8 ./Core/Src/stm32f4xx_it.o
                0x08001434                UsageFault_Handler
 .text.DebugMon_Handler
                0x0800143c        0xe ./Core/Src/stm32f4xx_it.o
                0x0800143c                DebugMon_Handler
 .text.SysTick_Handler
                0x0800144a       0x1a ./Core/Src/stm32f4xx_it.o
                0x0800144a                SysTick_Handler
 .text.OTG_FS_IRQHandler
                0x08001464       0x14 ./Core/Src/stm32f4xx_it.o
                0x08001464                OTG_FS_IRQHandler
 .text._sbrk    0x08001478       0x6c ./Core/Src/sysmem.o
                0x08001478                _sbrk
 .text.SystemInit
                0x080014e4       0x24 ./Core/Src/system_stm32f4xx.o
                0x080014e4                SystemInit
 .text.Reset_Handler
                0x08001508       0x50 ./Core/Startup/startup_stm32f411vetx.o
                0x08001508                Reset_Handler
 .text.Default_Handler
                0x08001558        0x2 ./Core/Startup/startup_stm32f411vetx.o
                0x08001558                RTC_Alarm_IRQHandler
                0x08001558                EXTI2_IRQHandler
                0x08001558                SPI4_IRQHandler
                0x08001558                TIM1_CC_IRQHandler
                0x08001558                DMA2_Stream5_IRQHandler
                0x08001558                DMA1_Stream5_IRQHandler
                0x08001558                PVD_IRQHandler
                0x08001558                SDIO_IRQHandler
                0x08001558                TAMP_STAMP_IRQHandler
                0x08001558                EXTI3_IRQHandler
                0x08001558                TIM1_UP_TIM10_IRQHandler
                0x08001558                I2C3_ER_IRQHandler
                0x08001558                EXTI0_IRQHandler
                0x08001558                I2C2_EV_IRQHandler
                0x08001558                DMA1_Stream2_IRQHandler
                0x08001558                FPU_IRQHandler
                0x08001558                DMA2_Stream2_IRQHandler
                0x08001558                SPI1_IRQHandler
                0x08001558                TIM1_BRK_TIM9_IRQHandler
                0x08001558                DMA2_Stream3_IRQHandler
                0x08001558                USART6_IRQHandler
                0x08001558                DMA2_Stream0_IRQHandler
                0x08001558                TIM4_IRQHandler
                0x08001558                I2C1_EV_IRQHandler
                0x08001558                DMA1_Stream6_IRQHandler
                0x08001558                DMA1_Stream1_IRQHandler
                0x08001558                TIM3_IRQHandler
                0x08001558                RCC_IRQHandler
                0x08001558                Default_Handler
                0x08001558                EXTI15_10_IRQHandler
                0x08001558                ADC_IRQHandler
                0x08001558                DMA1_Stream7_IRQHandler
                0x08001558                SPI5_IRQHandler
                0x08001558                TIM5_IRQHandler
                0x08001558                DMA2_Stream7_IRQHandler
                0x08001558                I2C3_EV_IRQHandler
                0x08001558                EXTI9_5_IRQHandler
                0x08001558                RTC_WKUP_IRQHandler
                0x08001558                SPI2_IRQHandler
                0x08001558                DMA1_Stream0_IRQHandler
                0x08001558                EXTI4_IRQHandler
                0x08001558                WWDG_IRQHandler
                0x08001558                TIM2_IRQHandler
                0x08001558                OTG_FS_WKUP_IRQHandler
                0x08001558                TIM1_TRG_COM_TIM11_IRQHandler
                0x08001558                EXTI1_IRQHandler
                0x08001558                USART2_IRQHandler
                0x08001558                I2C2_ER_IRQHandler
                0x08001558                DMA2_Stream1_IRQHandler
                0x08001558                FLASH_IRQHandler
                0x08001558                DMA2_Stream4_IRQHandler
                0x08001558                USART1_IRQHandler
                0x08001558                SPI3_IRQHandler
                0x08001558                DMA1_Stream4_IRQHandler
                0x08001558                I2C1_ER_IRQHandler
                0x08001558                DMA2_Stream6_IRQHandler
                0x08001558                DMA1_Stream3_IRQHandler
 .text.ssd1306_Reset
                0x0800155a        0xe ./Drivers/OLED/ssd1306.o
                0x0800155a                ssd1306_Reset
 .text.ssd1306_WriteCommand
                0x08001568       0x30 ./Drivers/OLED/ssd1306.o
                0x08001568                ssd1306_WriteCommand
 .text.ssd1306_WriteData
                0x08001598       0x34 ./Drivers/OLED/ssd1306.o
                0x08001598                ssd1306_WriteData
 .text.ssd1306_Init
                0x080015cc       0xd4 ./Drivers/OLED/ssd1306.o
                0x080015cc                ssd1306_Init
 .text.ssd1306_Fill
                0x080016a0       0x30 ./Drivers/OLED/ssd1306.o
                0x080016a0                ssd1306_Fill
 .text.ssd1306_UpdateScreen
                0x080016d0       0x50 ./Drivers/OLED/ssd1306.o
                0x080016d0                ssd1306_UpdateScreen
 .text.ssd1306_DrawPixel
                0x08001720       0xa8 ./Drivers/OLED/ssd1306.o
                0x08001720                ssd1306_DrawPixel
 .text.ssd1306_WriteChar
                0x080017c8      0x120 ./Drivers/OLED/ssd1306.o
                0x080017c8                ssd1306_WriteChar
 .text.ssd1306_WriteString
                0x080018e8       0x4c ./Drivers/OLED/ssd1306.o
                0x080018e8                ssd1306_WriteString
 .text.ssd1306_SetCursor
                0x08001934       0x30 ./Drivers/OLED/ssd1306.o
                0x08001934                ssd1306_SetCursor
 .text.ssd1306_SetContrast
                0x08001964       0x26 ./Drivers/OLED/ssd1306.o
                0x08001964                ssd1306_SetContrast
 *fill*         0x0800198a        0x2 
 .text.ssd1306_SetDisplayOn
                0x0800198c       0x3c ./Drivers/OLED/ssd1306.o
                0x0800198c                ssd1306_SetDisplayOn
 .text.HAL_Init
                0x080019c8       0x44 ./Drivers/STM32F4xx_HAL_Driver/Src/stm32f4xx_hal.o
                0x080019c8                HAL_Init
 .text.HAL_InitTick
                0x08001a0c       0x60 ./Drivers/STM32F4xx_HAL_Driver/Src/stm32f4xx_hal.o
                0x08001a0c                HAL_InitTick
 .text.HAL_IncTick
                0x08001a6c       0x28 ./Drivers/STM32F4xx_HAL_Driver/Src/stm32f4xx_hal.o
                0x08001a6c                HAL_IncTick
 .text.HAL_GetTick
                0x08001a94       0x18 ./Drivers/STM32F4xx_HAL_Driver/Src/stm32f4xx_hal.o
                0x08001a94                HAL_GetTick
 .text.HAL_Delay
                0x08001aac       0x48 ./Drivers/STM32F4xx_HAL_Driver/Src/stm32f4xx_hal.o
                0x08001aac                HAL_Delay
 .text.__NVIC_SetPriorityGrouping
                0x08001af4       0x48 ./Drivers/STM32F4xx_HAL_Driver/Src/stm32f4xx_hal_cortex.o
 .text.__NVIC_GetPriorityGrouping
                0x08001b3c       0x1c ./Drivers/STM32F4xx_HAL_Driver/Src/stm32f4xx_hal_cortex.o
 .text.__NVIC_EnableIRQ
                0x08001b58       0x3c ./Drivers/STM32F4xx_HAL_Driver/Src/stm32f4xx_hal_cortex.o
 .text.__NVIC_SetPriority
                0x08001b94       0x54 ./Drivers/STM32F4xx_HAL_Driver/Src/stm32f4xx_hal_cortex.o
 .text.NVIC_EncodePriority
                0x08001be8       0x66 ./Drivers/STM32F4xx_HAL_Driver/Src/stm32f4xx_hal_cortex.o
 *fill*         0x08001c4e        0x2 
 .text.SysTick_Config
                0x08001c50       0x44 ./Drivers/STM32F4xx_HAL_Driver/Src/stm32f4xx_hal_cortex.o
 .text.HAL_NVIC_SetPriorityGrouping
                0x08001c94       0x16 ./Drivers/STM32F4xx_HAL_Driver/Src/stm32f4xx_hal_cortex.o
                0x08001c94                HAL_NVIC_SetPriorityGrouping
 .text.HAL_NVIC_SetPriority
                0x08001caa       0x38 ./Drivers/STM32F4xx_HAL_Driver/Src/stm32f4xx_hal_cortex.o
                0x08001caa                HAL_NVIC_SetPriority
 .text.HAL_NVIC_EnableIRQ
                0x08001ce2       0x1c ./Drivers/STM32F4xx_HAL_Driver/Src/stm32f4xx_hal_cortex.o
                0x08001ce2                HAL_NVIC_EnableIRQ
 .text.HAL_SYSTICK_Config
                0x08001cfe       0x18 ./Drivers/STM32F4xx_HAL_Driver/Src/stm32f4xx_hal_cortex.o
                0x08001cfe                HAL_SYSTICK_Config
 *fill*         0x08001d16        0x2 
 .text.HAL_GPIO_Init
                0x08001d18      0x308 ./Drivers/STM32F4xx_HAL_Driver/Src/stm32f4xx_hal_gpio.o
                0x08001d18                HAL_GPIO_Init
 .text.HAL_GPIO_WritePin
                0x08002020       0x32 ./Drivers/STM32F4xx_HAL_Driver/Src/stm32f4xx_hal_gpio.o
                0x08002020                HAL_GPIO_WritePin
 .text.HAL_GPIO_TogglePin
                0x08002052       0x34 ./Drivers/STM32F4xx_HAL_Driver/Src/stm32f4xx_hal_gpio.o
                0x08002052                HAL_GPIO_TogglePin
 *fill*         0x08002086        0x2 
 .text.HAL_I2C_Init
                0x08002088      0x288 ./Drivers/STM32F4xx_HAL_Driver/Src/stm32f4xx_hal_i2c.o
                0x08002088                HAL_I2C_Init
 .text.HAL_I2C_Mem_Write
                0x08002310      0x1f4 ./Drivers/STM32F4xx_HAL_Driver/Src/stm32f4xx_hal_i2c.o
                0x08002310                HAL_I2C_Mem_Write
 .text.I2C_RequestMemoryWrite
                0x08002504      0x12c ./Drivers/STM32F4xx_HAL_Driver/Src/stm32f4xx_hal_i2c.o
 .text.I2C_WaitOnFlagUntilTimeout
                0x08002630       0xf4 ./Drivers/STM32F4xx_HAL_Driver/Src/stm32f4xx_hal_i2c.o
 .text.I2C_WaitOnMasterAddressFlagUntilTimeout
                0x08002724      0x140 ./Drivers/STM32F4xx_HAL_Driver/Src/stm32f4xx_hal_i2c.o
 .text.I2C_WaitOnTXEFlagUntilTimeout
                0x08002864       0x90 ./Drivers/STM32F4xx_HAL_Driver/Src/stm32f4xx_hal_i2c.o
 .text.I2C_WaitOnBTFFlagUntilTimeout
                0x080028f4       0x90 ./Drivers/STM32F4xx_HAL_Driver/Src/stm32f4xx_hal_i2c.o
 .text.I2C_IsAcknowledgeFailed
                0x08002984       0x5e ./Drivers/STM32F4xx_HAL_Driver/Src/stm32f4xx_hal_i2c.o
 *fill*         0x080029e2        0x2 
 .text.HAL_I2S_Init
                0x080029e4      0x280 ./Drivers/STM32F4xx_HAL_Driver/Src/stm32f4xx_hal_i2s.o
                0x080029e4                HAL_I2S_Init
 .text.HAL_I2S_TxCpltCallback
                0x08002c64       0x14 ./Drivers/STM32F4xx_HAL_Driver/Src/stm32f4xx_hal_i2s.o
                0x08002c64                HAL_I2S_TxCpltCallback
 .text.HAL_I2S_RxCpltCallback
                0x08002c78       0x14 ./Drivers/STM32F4xx_HAL_Driver/Src/stm32f4xx_hal_i2s.o
                0x08002c78                HAL_I2S_RxCpltCallback
 .text.HAL_I2S_ErrorCallback
                0x08002c8c       0x14 ./Drivers/STM32F4xx_HAL_Driver/Src/stm32f4xx_hal_i2s.o
                0x08002c8c                HAL_I2S_ErrorCallback
 .text.I2S_Transmit_IT
                0x08002ca0       0x5c ./Drivers/STM32F4xx_HAL_Driver/Src/stm32f4xx_hal_i2s.o
 .text.I2S_Receive_IT
                0x08002cfc       0x5e ./Drivers/STM32F4xx_HAL_Driver/Src/stm32f4xx_hal_i2s.o
 .text.I2S_IRQHandler
                0x08002d5a      0x114 ./Drivers/STM32F4xx_HAL_Driver/Src/stm32f4xx_hal_i2s.o
 *fill*         0x08002e6e        0x2 
 .text.HAL_I2SEx_FullDuplex_IRQHandler
                0x08002e70      0x2a8 ./Drivers/STM32F4xx_HAL_Driver/Src/stm32f4xx_hal_i2s_ex.o
                0x08002e70                HAL_I2SEx_FullDuplex_IRQHandler
 .text.HAL_I2SEx_TxRxCpltCallback
                0x08003118       0x14 ./Drivers/STM32F4xx_HAL_Driver/Src/stm32f4xx_hal_i2s_ex.o
                0x08003118                HAL_I2SEx_TxRxCpltCallback
 .text.I2SEx_TxISR_I2S
                0x0800312c       0x62 ./Drivers/STM32F4xx_HAL_Driver/Src/stm32f4xx_hal_i2s_ex.o
 *fill*         0x0800318e        0x2 
 .text.I2SEx_TxISR_I2SExt
                0x08003190       0x98 ./Drivers/STM32F4xx_HAL_Driver/Src/stm32f4xx_hal_i2s_ex.o
 .text.I2SEx_RxISR_I2S
                0x08003228       0x64 ./Drivers/STM32F4xx_HAL_Driver/Src/stm32f4xx_hal_i2s_ex.o
 .text.I2SEx_RxISR_I2SExt
                0x0800328c       0x98 ./Drivers/STM32F4xx_HAL_Driver/Src/stm32f4xx_hal_i2s_ex.o
 .text.HAL_PCD_Init
                0x08003324      0x21e ./Drivers/STM32F4xx_HAL_Driver/Src/stm32f4xx_hal_pcd.o
                0x08003324                HAL_PCD_Init
 .text.HAL_PCD_Start
                0x08003542       0x6a ./Drivers/STM32F4xx_HAL_Driver/Src/stm32f4xx_hal_pcd.o
                0x08003542                HAL_PCD_Start
 .text.HAL_PCD_IRQHandler
                0x080035ac      0x942 ./Drivers/STM32F4xx_HAL_Driver/Src/stm32f4xx_hal_pcd.o
                0x080035ac                HAL_PCD_IRQHandler
 .text.HAL_PCD_SetAddress
                0x08003eee       0x48 ./Drivers/STM32F4xx_HAL_Driver/Src/stm32f4xx_hal_pcd.o
                0x08003eee                HAL_PCD_SetAddress
 .text.HAL_PCD_EP_Open
                0x08003f36       0xd4 ./Drivers/STM32F4xx_HAL_Driver/Src/stm32f4xx_hal_pcd.o
                0x08003f36                HAL_PCD_EP_Open
 .text.HAL_PCD_EP_Close
                0x0800400a       0x94 ./Drivers/STM32F4xx_HAL_Driver/Src/stm32f4xx_hal_pcd.o
                0x0800400a                HAL_PCD_EP_Close
 .text.HAL_PCD_EP_Receive
                0x0800409e       0x76 ./Drivers/STM32F4xx_HAL_Driver/Src/stm32f4xx_hal_pcd.o
                0x0800409e                HAL_PCD_EP_Receive
 .text.HAL_PCD_EP_GetRxCount
                0x08004114       0x30 ./Drivers/STM32F4xx_HAL_Driver/Src/stm32f4xx_hal_pcd.o
                0x08004114                HAL_PCD_EP_GetRxCount
 .text.HAL_PCD_EP_Transmit
                0x08004144       0x74 ./Drivers/STM32F4xx_HAL_Driver/Src/stm32f4xx_hal_pcd.o
                0x08004144                HAL_PCD_EP_Transmit
 .text.HAL_PCD_EP_SetStall
                0x080041b8       0xc6 ./Drivers/STM32F4xx_HAL_Driver/Src/stm32f4xx_hal_pcd.o
                0x080041b8                HAL_PCD_EP_SetStall
 .text.HAL_PCD_EP_ClrStall
                0x0800427e       0xac ./Drivers/STM32F4xx_HAL_Driver/Src/stm32f4xx_hal_pcd.o
                0x0800427e                HAL_PCD_EP_ClrStall
 .text.HAL_PCD_EP_Abort
                0x0800432a       0x62 ./Drivers/STM32F4xx_HAL_Driver/Src/stm32f4xx_hal_pcd.o
                0x0800432a                HAL_PCD_EP_Abort
 .text.PCD_WriteEmptyTxFifo
                0x0800438c      0x118 ./Drivers/STM32F4xx_HAL_Driver/Src/stm32f4xx_hal_pcd.o
 .text.PCD_EP_OutXfrComplete_int
                0x080044a4      0x1d0 ./Drivers/STM32F4xx_HAL_Driver/Src/stm32f4xx_hal_pcd.o
 .text.PCD_EP_OutSetupPacket_int
                0x08004674       0x8c ./Drivers/STM32F4xx_HAL_Driver/Src/stm32f4xx_hal_pcd.o
 .text.HAL_PCDEx_SetTxFiFo
                0x08004700       0x8e ./Drivers/STM32F4xx_HAL_Driver/Src/stm32f4xx_hal_pcd_ex.o
                0x08004700                HAL_PCDEx_SetTxFiFo
 .text.HAL_PCDEx_SetRxFiFo
                0x0800478e       0x22 ./Drivers/STM32F4xx_HAL_Driver/Src/stm32f4xx_hal_pcd_ex.o
                0x0800478e                HAL_PCDEx_SetRxFiFo
 .text.HAL_PCDEx_LPM_Callback
                0x080047b0       0x18 ./Drivers/STM32F4xx_HAL_Driver/Src/stm32f4xx_hal_pcd_ex.o
                0x080047b0                HAL_PCDEx_LPM_Callback
 .text.HAL_RCC_OscConfig
                0x080047c8      0x4f0 ./Drivers/STM32F4xx_HAL_Driver/Src/stm32f4xx_hal_rcc.o
                0x080047c8                HAL_RCC_OscConfig
 .text.HAL_RCC_ClockConfig
                0x08004cb8      0x1cc ./Drivers/STM32F4xx_HAL_Driver/Src/stm32f4xx_hal_rcc.o
                0x08004cb8                HAL_RCC_ClockConfig
 .text.HAL_RCC_GetSysClockFreq
                0x08004e84      0x20c ./Drivers/STM32F4xx_HAL_Driver/Src/stm32f4xx_hal_rcc.o
                0x08004e84                HAL_RCC_GetSysClockFreq
 .text.HAL_RCC_GetHCLKFreq
                0x08005090       0x18 ./Drivers/STM32F4xx_HAL_Driver/Src/stm32f4xx_hal_rcc.o
                0x08005090                HAL_RCC_GetHCLKFreq
 .text.HAL_RCC_GetPCLK1Freq
                0x080050a8       0x28 ./Drivers/STM32F4xx_HAL_Driver/Src/stm32f4xx_hal_rcc.o
                0x080050a8                HAL_RCC_GetPCLK1Freq
 .text.HAL_RCCEx_PeriphCLKConfig
                0x080050d0      0x1e0 ./Drivers/STM32F4xx_HAL_Driver/Src/stm32f4xx_hal_rcc_ex.o
                0x080050d0                HAL_RCCEx_PeriphCLKConfig
 .text.HAL_RCCEx_GetPeriphCLKFreq
                0x080052b0       0xc4 ./Drivers/STM32F4xx_HAL_Driver/Src/stm32f4xx_hal_rcc_ex.o
                0x080052b0                HAL_RCCEx_GetPeriphCLKFreq
 .text.HAL_SPI_Init
                0x08005374      0x112 ./Drivers/STM32F4xx_HAL_Driver/Src/stm32f4xx_hal_spi.o
                0x08005374                HAL_SPI_Init
 .text.USB_CoreInit
                0x08005486       0xc8 ./Drivers/STM32F4xx_HAL_Driver/Src/stm32f4xx_ll_usb.o
                0x08005486                USB_CoreInit
 *fill*         0x0800554e        0x2 
 .text.USB_SetTurnaroundTime
                0x08005550      0x144 ./Drivers/STM32F4xx_HAL_Driver/Src/stm32f4xx_ll_usb.o
                0x08005550                USB_SetTurnaroundTime
 .text.USB_EnableGlobalInt
                0x08005694       0x22 ./Drivers/STM32F4xx_HAL_Driver/Src/stm32f4xx_ll_usb.o
                0x08005694                USB_EnableGlobalInt
 .text.USB_DisableGlobalInt
                0x080056b6       0x22 ./Drivers/STM32F4xx_HAL_Driver/Src/stm32f4xx_ll_usb.o
                0x080056b6                USB_DisableGlobalInt
 .text.USB_SetCurrentMode
                0x080056d8       0x98 ./Drivers/STM32F4xx_HAL_Driver/Src/stm32f4xx_ll_usb.o
                0x080056d8                USB_SetCurrentMode
 .text.USB_DevInit
                0x08005770      0x2c8 ./Drivers/STM32F4xx_HAL_Driver/Src/stm32f4xx_ll_usb.o
                0x08005770                USB_DevInit
 .text.USB_FlushTxFifo
                0x08005a38       0x64 ./Drivers/STM32F4xx_HAL_Driver/Src/stm32f4xx_ll_usb.o
                0x08005a38                USB_FlushTxFifo
 .text.USB_FlushRxFifo
                0x08005a9c       0x5c ./Drivers/STM32F4xx_HAL_Driver/Src/stm32f4xx_ll_usb.o
                0x08005a9c                USB_FlushRxFifo
 .text.USB_SetDevSpeed
                0x08005af8       0x32 ./Drivers/STM32F4xx_HAL_Driver/Src/stm32f4xx_ll_usb.o
                0x08005af8                USB_SetDevSpeed
 .text.USB_GetDevSpeed
                0x08005b2a       0x4a ./Drivers/STM32F4xx_HAL_Driver/Src/stm32f4xx_ll_usb.o
                0x08005b2a                USB_GetDevSpeed
 .text.USB_ActivateEndpoint
                0x08005b74      0x10e ./Drivers/STM32F4xx_HAL_Driver/Src/stm32f4xx_ll_usb.o
                0x08005b74                USB_ActivateEndpoint
 *fill*         0x08005c82        0x2 
 .text.USB_DeactivateEndpoint
                0x08005c84      0x1b8 ./Drivers/STM32F4xx_HAL_Driver/Src/stm32f4xx_ll_usb.o
                0x08005c84                USB_DeactivateEndpoint
 .text.USB_EPStartXfer
                0x08005e3c      0x53c ./Drivers/STM32F4xx_HAL_Driver/Src/stm32f4xx_ll_usb.o
                0x08005e3c                USB_EPStartXfer
 .text.USB_EPStopXfer
                0x08006378      0x154 ./Drivers/STM32F4xx_HAL_Driver/Src/stm32f4xx_ll_usb.o
                0x08006378                USB_EPStopXfer
 .text.USB_WritePacket
                0x080064cc       0x7c ./Drivers/STM32F4xx_HAL_Driver/Src/stm32f4xx_ll_usb.o
                0x080064cc                USB_WritePacket
 .text.USB_ReadPacket
                0x08006548       0xb0 ./Drivers/STM32F4xx_HAL_Driver/Src/stm32f4xx_ll_usb.o
                0x08006548                USB_ReadPacket
 .text.USB_EPSetStall
                0x080065f8       0xdc ./Drivers/STM32F4xx_HAL_Driver/Src/stm32f4xx_ll_usb.o
                0x080065f8                USB_EPSetStall
 .text.USB_EPClearStall
                0x080066d4       0xcc ./Drivers/STM32F4xx_HAL_Driver/Src/stm32f4xx_ll_usb.o
                0x080066d4                USB_EPClearStall
 .text.USB_SetDevAddress
                0x080067a0       0x4c ./Drivers/STM32F4xx_HAL_Driver/Src/stm32f4xx_ll_usb.o
                0x080067a0                USB_SetDevAddress
 .text.USB_DevConnect
                0x080067ec       0x42 ./Drivers/STM32F4xx_HAL_Driver/Src/stm32f4xx_ll_usb.o
                0x080067ec                USB_DevConnect
 .text.USB_DevDisconnect
                0x0800682e       0x42 ./Drivers/STM32F4xx_HAL_Driver/Src/stm32f4xx_ll_usb.o
                0x0800682e                USB_DevDisconnect
 .text.USB_ReadInterrupts
                0x08006870       0x26 ./Drivers/STM32F4xx_HAL_Driver/Src/stm32f4xx_ll_usb.o
                0x08006870                USB_ReadInterrupts
 .text.USB_ReadDevAllOutEpInterrupt
                0x08006896       0x34 ./Drivers/STM32F4xx_HAL_Driver/Src/stm32f4xx_ll_usb.o
                0x08006896                USB_ReadDevAllOutEpInterrupt
 .text.USB_ReadDevAllInEpInterrupt
                0x080068ca       0x34 ./Drivers/STM32F4xx_HAL_Driver/Src/stm32f4xx_ll_usb.o
                0x080068ca                USB_ReadDevAllInEpInterrupt
 .text.USB_ReadDevOutEPInterrupt
                0x080068fe       0x3c ./Drivers/STM32F4xx_HAL_Driver/Src/stm32f4xx_ll_usb.o
                0x080068fe                USB_ReadDevOutEPInterrupt
 .text.USB_ReadDevInEPInterrupt
                0x0800693a       0x5c ./Drivers/STM32F4xx_HAL_Driver/Src/stm32f4xx_ll_usb.o
                0x0800693a                USB_ReadDevInEPInterrupt
 .text.USB_GetMode
                0x08006996       0x1c ./Drivers/STM32F4xx_HAL_Driver/Src/stm32f4xx_ll_usb.o
                0x08006996                USB_GetMode
 .text.USB_ActivateSetup
                0x080069b2       0x46 ./Drivers/STM32F4xx_HAL_Driver/Src/stm32f4xx_ll_usb.o
                0x080069b2                USB_ActivateSetup
 .text.USB_EP0_OutStart
                0x080069f8       0xbc ./Drivers/STM32F4xx_HAL_Driver/Src/stm32f4xx_ll_usb.o
                0x080069f8                USB_EP0_OutStart
 .text.USB_CoreReset
                0x08006ab4       0x70 ./Drivers/STM32F4xx_HAL_Driver/Src/stm32f4xx_ll_usb.o
 .text.USBD_CDC_Init
                0x08006b24      0x1f0 ./Middlewares/ST/STM32_USB_Device_Library/Class/CDC/Src/usbd_cdc.o
 .text.USBD_CDC_DeInit
                0x08006d14      0x104 ./Middlewares/ST/STM32_USB_Device_Library/Class/CDC/Src/usbd_cdc.o
 .text.USBD_CDC_Setup
                0x08006e18      0x1b8 ./Middlewares/ST/STM32_USB_Device_Library/Class/CDC/Src/usbd_cdc.o
 .text.USBD_CDC_DataIn
                0x08006fd0       0xfe ./Middlewares/ST/STM32_USB_Device_Library/Class/CDC/Src/usbd_cdc.o
 .text.USBD_CDC_DataOut
                0x080070ce       0x70 ./Middlewares/ST/STM32_USB_Device_Library/Class/CDC/Src/usbd_cdc.o
 .text.USBD_CDC_EP0_RxReady
                0x0800713e       0x74 ./Middlewares/ST/STM32_USB_Device_Library/Class/CDC/Src/usbd_cdc.o
 *fill*         0x080071b2        0x2 
 .text.USBD_CDC_GetFSCfgDesc
                0x080071b4       0x70 ./Middlewares/ST/STM32_USB_Device_Library/Class/CDC/Src/usbd_cdc.o
 .text.USBD_CDC_GetHSCfgDesc
                0x08007224       0x70 ./Middlewares/ST/STM32_USB_Device_Library/Class/CDC/Src/usbd_cdc.o
 .text.USBD_CDC_GetOtherSpeedCfgDesc
                0x08007294       0x70 ./Middlewares/ST/STM32_USB_Device_Library/Class/CDC/Src/usbd_cdc.o
 .text.USBD_CDC_GetDeviceQualifierDescriptor
                0x08007304       0x20 ./Middlewares/ST/STM32_USB_Device_Library/Class/CDC/Src/usbd_cdc.o
                0x08007304                USBD_CDC_GetDeviceQualifierDescriptor
 .text.USBD_CDC_RegisterInterface
                0x08007324       0x34 ./Middlewares/ST/STM32_USB_Device_Library/Class/CDC/Src/usbd_cdc.o
                0x08007324                USBD_CDC_RegisterInterface
 .text.USBD_CDC_SetTxBuffer
                0x08007358       0x44 ./Middlewares/ST/STM32_USB_Device_Library/Class/CDC/Src/usbd_cdc.o
                0x08007358                USBD_CDC_SetTxBuffer
 .text.USBD_CDC_SetRxBuffer
                0x0800739c       0x3a ./Middlewares/ST/STM32_USB_Device_Library/Class/CDC/Src/usbd_cdc.o
                0x0800739c                USBD_CDC_SetRxBuffer
 *fill*         0x080073d6        0x2 
 .text.USBD_CDC_TransmitPacket
                0x080073d8       0x80 ./Middlewares/ST/STM32_USB_Device_Library/Class/CDC/Src/usbd_cdc.o
                0x080073d8                USBD_CDC_TransmitPacket
 .text.USBD_CDC_ReceivePacket
                0x08007458       0x6c ./Middlewares/ST/STM32_USB_Device_Library/Class/CDC/Src/usbd_cdc.o
                0x08007458                USBD_CDC_ReceivePacket
 .text.USBD_Init
                0x080074c4       0x60 ./Middlewares/ST/STM32_USB_Device_Library/Core/Src/usbd_core.o
                0x080074c4                USBD_Init
 .text.USBD_RegisterClass
                0x08007524       0x6c ./Middlewares/ST/STM32_USB_Device_Library/Core/Src/usbd_core.o
                0x08007524                USBD_RegisterClass
 .text.USBD_Start
                0x08007590       0x18 ./Middlewares/ST/STM32_USB_Device_Library/Core/Src/usbd_core.o
                0x08007590                USBD_Start
 .text.USBD_RunTestMode
                0x080075a8       0x16 ./Middlewares/ST/STM32_USB_Device_Library/Core/Src/usbd_core.o
                0x080075a8                USBD_RunTestMode
 .text.USBD_SetClassConfig
                0x080075be       0x38 ./Middlewares/ST/STM32_USB_Device_Library/Core/Src/usbd_core.o
                0x080075be                USBD_SetClassConfig
 .text.USBD_ClrClassConfig
                0x080075f6       0x34 ./Middlewares/ST/STM32_USB_Device_Library/Core/Src/usbd_core.o
                0x080075f6                USBD_ClrClassConfig
 .text.USBD_LL_SetupStage
                0x0800762a       0xaa ./Middlewares/ST/STM32_USB_Device_Library/Core/Src/usbd_core.o
                0x0800762a                USBD_LL_SetupStage
 .text.USBD_LL_DataOutStage
                0x080076d4      0x178 ./Middlewares/ST/STM32_USB_Device_Library/Core/Src/usbd_core.o
                0x080076d4                USBD_LL_DataOutStage
 .text.USBD_LL_DataInStage
                0x0800784c      0x176 ./Middlewares/ST/STM32_USB_Device_Library/Core/Src/usbd_core.o
                0x0800784c                USBD_LL_DataInStage
 .text.USBD_LL_Reset
                0x080079c2       0xa6 ./Middlewares/ST/STM32_USB_Device_Library/Core/Src/usbd_core.o
                0x080079c2                USBD_LL_Reset
 .text.USBD_LL_SetSpeed
                0x08007a68       0x20 ./Middlewares/ST/STM32_USB_Device_Library/Core/Src/usbd_core.o
                0x08007a68                USBD_LL_SetSpeed
 .text.USBD_LL_Suspend
                0x08007a88       0x38 ./Middlewares/ST/STM32_USB_Device_Library/Core/Src/usbd_core.o
                0x08007a88                USBD_LL_Suspend
 .text.USBD_LL_Resume
                0x08007ac0       0x30 ./Middlewares/ST/STM32_USB_Device_Library/Core/Src/usbd_core.o
                0x08007ac0                USBD_LL_Resume
 .text.USBD_LL_SOF
                0x08007af0       0x40 ./Middlewares/ST/STM32_USB_Device_Library/Core/Src/usbd_core.o
                0x08007af0                USBD_LL_SOF
 .text.USBD_LL_IsoINIncomplete
                0x08007b30       0x64 ./Middlewares/ST/STM32_USB_Device_Library/Core/Src/usbd_core.o
                0x08007b30                USBD_LL_IsoINIncomplete
 .text.USBD_LL_IsoOUTIncomplete
                0x08007b94       0x64 ./Middlewares/ST/STM32_USB_Device_Library/Core/Src/usbd_core.o
                0x08007b94                USBD_LL_IsoOUTIncomplete
 .text.USBD_LL_DevConnected
                0x08007bf8       0x16 ./Middlewares/ST/STM32_USB_Device_Library/Core/Src/usbd_core.o
                0x08007bf8                USBD_LL_DevConnected
 .text.USBD_LL_DevDisconnected
                0x08007c0e       0x46 ./Middlewares/ST/STM32_USB_Device_Library/Core/Src/usbd_core.o
                0x08007c0e                USBD_LL_DevDisconnected
 .text.USBD_CoreFindIF
                0x08007c54       0x1a ./Middlewares/ST/STM32_USB_Device_Library/Core/Src/usbd_core.o
                0x08007c54                USBD_CoreFindIF
 .text.USBD_CoreFindEP
                0x08007c6e       0x1a ./Middlewares/ST/STM32_USB_Device_Library/Core/Src/usbd_core.o
                0x08007c6e                USBD_CoreFindEP
 .text.USBD_GetEpDesc
                0x08007c88       0x70 ./Middlewares/ST/STM32_USB_Device_Library/Core/Src/usbd_core.o
                0x08007c88                USBD_GetEpDesc
 .text.USBD_GetNextDesc
                0x08007cf8       0x38 ./Middlewares/ST/STM32_USB_Device_Library/Core/Src/usbd_core.o
                0x08007cf8                USBD_GetNextDesc
 .text.SWAPBYTE
                0x08007d30       0x3c ./Middlewares/ST/STM32_USB_Device_Library/Core/Src/usbd_ctlreq.o
 .text.USBD_StdDevReq
                0x08007d6c       0xe4 ./Middlewares/ST/STM32_USB_Device_Library/Core/Src/usbd_ctlreq.o
                0x08007d6c                USBD_StdDevReq
 .text.USBD_StdItfReq
                0x08007e50       0xd8 ./Middlewares/ST/STM32_USB_Device_Library/Core/Src/usbd_ctlreq.o
                0x08007e50                USBD_StdItfReq
 .text.USBD_StdEPReq
                0x08007f28      0x33e ./Middlewares/ST/STM32_USB_Device_Library/Core/Src/usbd_ctlreq.o
                0x08007f28                USBD_StdEPReq
 *fill*         0x08008266        0x2 
 .text.USBD_GetDescriptor
                0x08008268      0x2d4 ./Middlewares/ST/STM32_USB_Device_Library/Core/Src/usbd_ctlreq.o
 .text.USBD_SetAddress
                0x0800853c       0x88 ./Middlewares/ST/STM32_USB_Device_Library/Core/Src/usbd_ctlreq.o
 .text.USBD_SetConfig
                0x080085c4      0x154 ./Middlewares/ST/STM32_USB_Device_Library/Core/Src/usbd_ctlreq.o
 .text.USBD_GetConfig
                0x08008718       0x6c ./Middlewares/ST/STM32_USB_Device_Library/Core/Src/usbd_ctlreq.o
 .text.USBD_GetStatus
                0x08008784       0x68 ./Middlewares/ST/STM32_USB_Device_Library/Core/Src/usbd_ctlreq.o
 .text.USBD_SetFeature
                0x080087ec       0x52 ./Middlewares/ST/STM32_USB_Device_Library/Core/Src/usbd_ctlreq.o
 .text.USBD_ClrFeature
                0x0800883e       0x44 ./Middlewares/ST/STM32_USB_Device_Library/Core/Src/usbd_ctlreq.o
 .text.USBD_ParseSetupRequest
                0x08008882       0x74 ./Middlewares/ST/STM32_USB_Device_Library/Core/Src/usbd_ctlreq.o
                0x08008882                USBD_ParseSetupRequest
 .text.USBD_CtlError
                0x080088f6       0x22 ./Middlewares/ST/STM32_USB_Device_Library/Core/Src/usbd_ctlreq.o
                0x080088f6                USBD_CtlError
 .text.USBD_GetString
                0x08008918       0xa4 ./Middlewares/ST/STM32_USB_Device_Library/Core/Src/usbd_ctlreq.o
                0x08008918                USBD_GetString
 .text.USBD_GetLen
                0x080089bc       0x34 ./Middlewares/ST/STM32_USB_Device_Library/Core/Src/usbd_ctlreq.o
 .text.USBD_CtlSendData
                0x080089f0       0x3c ./Middlewares/ST/STM32_USB_Device_Library/Core/Src/usbd_ioreq.o
                0x080089f0                USBD_CtlSendData
 .text.USBD_CtlContinueSendData
                0x08008a2c       0x22 ./Middlewares/ST/STM32_USB_Device_Library/Core/Src/usbd_ioreq.o
                0x08008a2c                USBD_CtlContinueSendData
 .text.USBD_CtlPrepareRx
                0x08008a4e       0x42 ./Middlewares/ST/STM32_USB_Device_Library/Core/Src/usbd_ioreq.o
                0x08008a4e                USBD_CtlPrepareRx
 .text.USBD_CtlContinueRx
                0x08008a90       0x22 ./Middlewares/ST/STM32_USB_Device_Library/Core/Src/usbd_ioreq.o
                0x08008a90                USBD_CtlContinueRx
 .text.USBD_CtlSendStatus
                0x08008ab2       0x26 ./Middlewares/ST/STM32_USB_Device_Library/Core/Src/usbd_ioreq.o
                0x08008ab2                USBD_CtlSendStatus
 .text.USBD_CtlReceiveStatus
                0x08008ad8       0x26 ./Middlewares/ST/STM32_USB_Device_Library/Core/Src/usbd_ioreq.o
                0x08008ad8                USBD_CtlReceiveStatus
 *fill*         0x08008afe        0x2 
 .text.__NVIC_SetPriority
                0x08008b00       0x54 ./Middlewares/Third_Party/FreeRTOS/Source/CMSIS_RTOS_V2/cmsis_os2.o
 .text.SVC_Setup
                0x08008b54       0x12 ./Middlewares/Third_Party/FreeRTOS/Source/CMSIS_RTOS_V2/cmsis_os2.o
 *fill*         0x08008b66        0x2 
 .text.osKernelInitialize
                0x08008b68       0x48 ./Middlewares/Third_Party/FreeRTOS/Source/CMSIS_RTOS_V2/cmsis_os2.o
                0x08008b68                osKernelInitialize
 .text.osKernelStart
                0x08008bb0       0x4c ./Middlewares/Third_Party/FreeRTOS/Source/CMSIS_RTOS_V2/cmsis_os2.o
                0x08008bb0                osKernelStart
 .text.osThreadNew
                0x08008bfc      0x124 ./Middlewares/Third_Party/FreeRTOS/Source/CMSIS_RTOS_V2/cmsis_os2.o
                0x08008bfc                osThreadNew
 .text.osDelay  0x08008d20       0x36 ./Middlewares/Third_Party/FreeRTOS/Source/CMSIS_RTOS_V2/cmsis_os2.o
                0x08008d20                osDelay
 *fill*         0x08008d56        0x2 
 .text.vApplicationGetIdleTaskMemory
                0x08008d58       0x34 ./Middlewares/Third_Party/FreeRTOS/Source/CMSIS_RTOS_V2/cmsis_os2.o
                0x08008d58                vApplicationGetIdleTaskMemory
 .text.vApplicationGetTimerTaskMemory
                0x08008d8c       0x34 ./Middlewares/Third_Party/FreeRTOS/Source/CMSIS_RTOS_V2/cmsis_os2.o
                0x08008d8c                vApplicationGetTimerTaskMemory
 .text.vListInitialise
                0x08008dc0       0x40 ./Middlewares/Third_Party/FreeRTOS/Source/list.o
                0x08008dc0                vListInitialise
 .text.vListInitialiseItem
                0x08008e00       0x1a ./Middlewares/Third_Party/FreeRTOS/Source/list.o
                0x08008e00                vListInitialiseItem
 .text.vListInsertEnd
                0x08008e1a       0x48 ./Middlewares/Third_Party/FreeRTOS/Source/list.o
                0x08008e1a                vListInsertEnd
 .text.vListInsert
                0x08008e62       0x72 ./Middlewares/Third_Party/FreeRTOS/Source/list.o
                0x08008e62                vListInsert
 .text.uxListRemove
                0x08008ed4       0x54 ./Middlewares/Third_Party/FreeRTOS/Source/list.o
                0x08008ed4                uxListRemove
 .text.xQueueGenericReset
                0x08008f28       0xd4 ./Middlewares/Third_Party/FreeRTOS/Source/queue.o
                0x08008f28                xQueueGenericReset
 .text.xQueueGenericCreateStatic
                0x08008ffc       0xfa ./Middlewares/Third_Party/FreeRTOS/Source/queue.o
                0x08008ffc                xQueueGenericCreateStatic
 .text.xQueueGenericCreate
                0x080090f6       0x76 ./Middlewares/Third_Party/FreeRTOS/Source/queue.o
                0x080090f6                xQueueGenericCreate
 .text.prvInitialiseNewQueue
                0x0800916c       0x46 ./Middlewares/Third_Party/FreeRTOS/Source/queue.o
 .text.prvInitialiseMutex
                0x080091b2       0x34 ./Middlewares/Third_Party/FreeRTOS/Source/queue.o
 .text.xQueueCreateMutex
                0x080091e6       0x30 ./Middlewares/Third_Party/FreeRTOS/Source/queue.o
                0x080091e6                xQueueCreateMutex
 *fill*         0x08009216        0x2 
 .text.xQueueGenericSend
                0x08009218      0x204 ./Middlewares/Third_Party/FreeRTOS/Source/queue.o
                0x08009218                xQueueGenericSend
 .text.xQueueGenericSendFromISR
                0x0800941c      0x13c ./Middlewares/Third_Party/FreeRTOS/Source/queue.o
                0x0800941c                xQueueGenericSendFromISR
 .text.xQueueReceive
                0x08009558      0x1c4 ./Middlewares/Third_Party/FreeRTOS/Source/queue.o
                0x08009558                xQueueReceive
 .text.xQueueSemaphoreTake
                0x0800971c      0x220 ./Middlewares/Third_Party/FreeRTOS/Source/queue.o
                0x0800971c                xQueueSemaphoreTake
 .text.prvGetDisinheritPriorityAfterTimeout
                0x0800993c       0x30 ./Middlewares/Third_Party/FreeRTOS/Source/queue.o
 .text.prvCopyDataToQueue
                0x0800996c       0xd4 ./Middlewares/Third_Party/FreeRTOS/Source/queue.o
 .text.prvCopyDataFromQueue
                0x08009a40       0x4c ./Middlewares/Third_Party/FreeRTOS/Source/queue.o
 .text.prvUnlockQueue
                0x08009a8c       0xa4 ./Middlewares/Third_Party/FreeRTOS/Source/queue.o
 .text.prvIsQueueEmpty
                0x08009b30       0x2c ./Middlewares/Third_Party/FreeRTOS/Source/queue.o
 .text.prvIsQueueFull
                0x08009b5c       0x30 ./Middlewares/Third_Party/FreeRTOS/Source/queue.o
 .text.vQueueAddToRegistry
                0x08009b8c       0x54 ./Middlewares/Third_Party/FreeRTOS/Source/queue.o
                0x08009b8c                vQueueAddToRegistry
 .text.vQueueWaitForMessageRestricted
                0x08009be0       0x68 ./Middlewares/Third_Party/FreeRTOS/Source/queue.o
                0x08009be0                vQueueWaitForMessageRestricted
 .text.xTaskCreateStatic
                0x08009c48       0xc0 ./Middlewares/Third_Party/FreeRTOS/Source/tasks.o
                0x08009c48                xTaskCreateStatic
 .text.xTaskCreate
                0x08009d08       0x8a ./Middlewares/Third_Party/FreeRTOS/Source/tasks.o
                0x08009d08                xTaskCreate
 .text.prvInitialiseNewTask
                0x08009d92      0x120 ./Middlewares/Third_Party/FreeRTOS/Source/tasks.o
 *fill*         0x08009eb2        0x2 
 .text.prvAddNewTaskToReadyList
                0x08009eb4       0xe0 ./Middlewares/Third_Party/FreeRTOS/Source/tasks.o
 .text.vTaskDelayUntil
                0x08009f94      0x100 ./Middlewares/Third_Party/FreeRTOS/Source/tasks.o
                0x08009f94                vTaskDelayUntil
 .text.vTaskDelay
                0x0800a094       0x6c ./Middlewares/Third_Party/FreeRTOS/Source/tasks.o
                0x0800a094                vTaskDelay
 .text.vTaskStartScheduler
                0x0800a100       0xd0 ./Middlewares/Third_Party/FreeRTOS/Source/tasks.o
                0x0800a100                vTaskStartScheduler
 .text.vTaskSuspendAll
                0x0800a1d0       0x1c ./Middlewares/Third_Party/FreeRTOS/Source/tasks.o
                0x0800a1d0                vTaskSuspendAll
 .text.xTaskResumeAll
                0x0800a1ec      0x13c ./Middlewares/Third_Party/FreeRTOS/Source/tasks.o
                0x0800a1ec                xTaskResumeAll
 .text.xTaskGetTickCount
                0x0800a328       0x20 ./Middlewares/Third_Party/FreeRTOS/Source/tasks.o
                0x0800a328                xTaskGetTickCount
 .text.xTaskIncrementTick
                0x0800a348      0x174 ./Middlewares/Third_Party/FreeRTOS/Source/tasks.o
                0x0800a348                xTaskIncrementTick
 .text.vTaskSwitchContext
                0x0800a4bc       0xbc ./Middlewares/Third_Party/FreeRTOS/Source/tasks.o
                0x0800a4bc                vTaskSwitchContext
 .text.vTaskPlaceOnEventList
                0x0800a578       0x4c ./Middlewares/Third_Party/FreeRTOS/Source/tasks.o
                0x0800a578                vTaskPlaceOnEventList
 .text.vTaskPlaceOnEventListRestricted
                0x0800a5c4       0x58 ./Middlewares/Third_Party/FreeRTOS/Source/tasks.o
                0x0800a5c4                vTaskPlaceOnEventListRestricted
 .text.xTaskRemoveFromEventList
                0x0800a61c       0xc8 ./Middlewares/Third_Party/FreeRTOS/Source/tasks.o
                0x0800a61c                xTaskRemoveFromEventList
 .text.vTaskInternalSetTimeOutState
                0x0800a6e4       0x2c ./Middlewares/Third_Party/FreeRTOS/Source/tasks.o
                0x0800a6e4                vTaskInternalSetTimeOutState
 .text.xTaskCheckForTimeOut
                0x0800a710       0xc8 ./Middlewares/Third_Party/FreeRTOS/Source/tasks.o
                0x0800a710                xTaskCheckForTimeOut
 .text.vTaskMissedYield
                0x0800a7d8       0x18 ./Middlewares/Third_Party/FreeRTOS/Source/tasks.o
                0x0800a7d8                vTaskMissedYield
 .text.prvIdleTask
                0x0800a7f0       0x30 ./Middlewares/Third_Party/FreeRTOS/Source/tasks.o
 .text.prvInitialiseTaskLists
                0x0800a820       0x80 ./Middlewares/Third_Party/FreeRTOS/Source/tasks.o
 .text.prvCheckTasksWaitingTermination
                0x0800a8a0       0x5c ./Middlewares/Third_Party/FreeRTOS/Source/tasks.o
 .text.prvDeleteTCB
                0x0800a8fc       0x60 ./Middlewares/Third_Party/FreeRTOS/Source/tasks.o
 .text.prvResetNextTaskUnblockTime
                0x0800a95c       0x40 ./Middlewares/Third_Party/FreeRTOS/Source/tasks.o
 .text.xTaskGetSchedulerState
                0x0800a99c       0x3c ./Middlewares/Third_Party/FreeRTOS/Source/tasks.o
                0x0800a99c                xTaskGetSchedulerState
 .text.xTaskPriorityInherit
                0x0800a9d8       0xd0 ./Middlewares/Third_Party/FreeRTOS/Source/tasks.o
                0x0800a9d8                xTaskPriorityInherit
 .text.xTaskPriorityDisinherit
                0x0800aaa8       0xe0 ./Middlewares/Third_Party/FreeRTOS/Source/tasks.o
                0x0800aaa8                xTaskPriorityDisinherit
 .text.vTaskPriorityDisinheritAfterTimeout
                0x0800ab88      0x108 ./Middlewares/Third_Party/FreeRTOS/Source/tasks.o
                0x0800ab88                vTaskPriorityDisinheritAfterTimeout
 .text.pvTaskIncrementMutexHeldCount
                0x0800ac90       0x28 ./Middlewares/Third_Party/FreeRTOS/Source/tasks.o
                0x0800ac90                pvTaskIncrementMutexHeldCount
 .text.prvAddCurrentTaskToDelayedList
                0x0800acb8       0xa8 ./Middlewares/Third_Party/FreeRTOS/Source/tasks.o
 .text.xTimerCreateTimerTask
                0x0800ad60       0x94 ./Middlewares/Third_Party/FreeRTOS/Source/timers.o
                0x0800ad60                xTimerCreateTimerTask
 .text.xTimerGenericCommand
                0x0800adf4       0x9c ./Middlewares/Third_Party/FreeRTOS/Source/timers.o
                0x0800adf4                xTimerGenericCommand
 .text.prvProcessExpiredTimer
                0x0800ae90       0x9c ./Middlewares/Third_Party/FreeRTOS/Source/timers.o
 .text.prvTimerTask
                0x0800af2c       0x26 ./Middlewares/Third_Party/FreeRTOS/Source/timers.o
 *fill*         0x0800af52        0x2 
 .text.prvProcessTimerOrBlockTask
                0x0800af54       0x9c ./Middlewares/Third_Party/FreeRTOS/Source/timers.o
 .text.prvGetNextExpireTime
                0x0800aff0       0x48 ./Middlewares/Third_Party/FreeRTOS/Source/timers.o
 .text.prvSampleTimeNow
                0x0800b038       0x40 ./Middlewares/Third_Party/FreeRTOS/Source/timers.o
 .text.prvInsertTimerInActiveList
                0x0800b078       0x84 ./Middlewares/Third_Party/FreeRTOS/Source/timers.o
 .text.prvProcessReceivedCommands
                0x0800b0fc      0x1cc ./Middlewares/Third_Party/FreeRTOS/Source/timers.o
 .text.prvSwitchTimerLists
                0x0800b2c8       0xcc ./Middlewares/Third_Party/FreeRTOS/Source/timers.o
 .text.prvCheckForValidListAndQueue
                0x0800b394       0x80 ./Middlewares/Third_Party/FreeRTOS/Source/timers.o
 .text.pxPortInitialiseStack
                0x0800b414       0x68 ./Middlewares/Third_Party/FreeRTOS/Source/portable/GCC/ARM_CM4F/port.o
                0x0800b414                pxPortInitialiseStack
 .text.prvTaskExitError
                0x0800b47c       0x5c ./Middlewares/Third_Party/FreeRTOS/Source/portable/GCC/ARM_CM4F/port.o
 *fill*         0x0800b4d8        0x8 
 .text.SVC_Handler
                0x0800b4e0       0x28 ./Middlewares/Third_Party/FreeRTOS/Source/portable/GCC/ARM_CM4F/port.o
                0x0800b4e0                SVC_Handler
 .text.prvPortStartFirstTask
                0x0800b508       0x28 ./Middlewares/Third_Party/FreeRTOS/Source/portable/GCC/ARM_CM4F/port.o
 .text.xPortStartScheduler
                0x0800b530      0x148 ./Middlewares/Third_Party/FreeRTOS/Source/portable/GCC/ARM_CM4F/port.o
                0x0800b530                xPortStartScheduler
 .text.vPortEnterCritical
                0x0800b678       0x64 ./Middlewares/Third_Party/FreeRTOS/Source/portable/GCC/ARM_CM4F/port.o
                0x0800b678                vPortEnterCritical
 .text.vPortExitCritical
                0x0800b6dc       0x54 ./Middlewares/Third_Party/FreeRTOS/Source/portable/GCC/ARM_CM4F/port.o
                0x0800b6dc                vPortExitCritical
 .text.PendSV_Handler
                0x0800b730       0x68 ./Middlewares/Third_Party/FreeRTOS/Source/portable/GCC/ARM_CM4F/port.o
                0x0800b730                PendSV_Handler
 .text.xPortSysTickHandler
                0x0800b798       0x44 ./Middlewares/Third_Party/FreeRTOS/Source/portable/GCC/ARM_CM4F/port.o
                0x0800b798                xPortSysTickHandler
 .text.vPortSetupTimerInterrupt
                0x0800b7dc       0x48 ./Middlewares/Third_Party/FreeRTOS/Source/portable/GCC/ARM_CM4F/port.o
                0x0800b7dc                vPortSetupTimerInterrupt
 .text.vPortEnableVFP
                0x0800b824       0x14 ./Middlewares/Third_Party/FreeRTOS/Source/portable/GCC/ARM_CM4F/port.o
 .text.vPortValidateInterruptPriority
                0x0800b838       0x84 ./Middlewares/Third_Party/FreeRTOS/Source/portable/GCC/ARM_CM4F/port.o
                0x0800b838                vPortValidateInterruptPriority
 .text.pvPortMalloc
                0x0800b8bc      0x19c ./Middlewares/Third_Party/FreeRTOS/Source/portable/MemMang/heap_4.o
                0x0800b8bc                pvPortMalloc
 .text.vPortFree
                0x0800ba58       0xc8 ./Middlewares/Third_Party/FreeRTOS/Source/portable/MemMang/heap_4.o
                0x0800ba58                vPortFree
 .text.prvHeapInit
                0x0800bb20       0xc4 ./Middlewares/Third_Party/FreeRTOS/Source/portable/MemMang/heap_4.o
 .text.prvInsertBlockIntoFreeList
                0x0800bbe4       0xb4 ./Middlewares/Third_Party/FreeRTOS/Source/portable/MemMang/heap_4.o
 .text.MX_USB_DEVICE_Init
                0x0800bc98       0x60 ./USB_DEVICE/App/usb_device.o
                0x0800bc98                MX_USB_DEVICE_Init
 .text.CDC_Init_FS
                0x0800bcf8       0x28 ./USB_DEVICE/App/usbd_cdc_if.o
 .text.CDC_DeInit_FS
                0x0800bd20       0x10 ./USB_DEVICE/App/usbd_cdc_if.o
 .text.CDC_Control_FS
                0x0800bd30       0xbc ./USB_DEVICE/App/usbd_cdc_if.o
 .text.CDC_Receive_FS
                0x0800bdec       0x58 ./USB_DEVICE/App/usbd_cdc_if.o
 .text.CDC_Transmit_FS
                0x0800be44       0x4c ./USB_DEVICE/App/usbd_cdc_if.o
                0x0800be44                CDC_Transmit_FS
 .text.CDC_TransmitCplt_FS
                0x0800be90       0x22 ./USB_DEVICE/App/usbd_cdc_if.o
 *fill*         0x0800beb2        0x2 
 .text.USBD_FS_DeviceDescriptor
                0x0800beb4       0x24 ./USB_DEVICE/App/usbd_desc.o
                0x0800beb4                USBD_FS_DeviceDescriptor
 .text.USBD_FS_LangIDStrDescriptor
                0x0800bed8       0x24 ./USB_DEVICE/App/usbd_desc.o
                0x0800bed8                USBD_FS_LangIDStrDescriptor
 .text.USBD_FS_ProductStrDescriptor
                0x0800befc       0x3c ./USB_DEVICE/App/usbd_desc.o
                0x0800befc                USBD_FS_ProductStrDescriptor
 .text.USBD_FS_ManufacturerStrDescriptor
                0x0800bf38       0x28 ./USB_DEVICE/App/usbd_desc.o
                0x0800bf38                USBD_FS_ManufacturerStrDescriptor
 .text.USBD_FS_SerialStrDescriptor
                0x0800bf60       0x24 ./USB_DEVICE/App/usbd_desc.o
                0x0800bf60                USBD_FS_SerialStrDescriptor
 .text.USBD_FS_ConfigStrDescriptor
                0x0800bf84       0x3c ./USB_DEVICE/App/usbd_desc.o
                0x0800bf84                USBD_FS_ConfigStrDescriptor
 .text.USBD_FS_InterfaceStrDescriptor
                0x0800bfc0       0x3c ./USB_DEVICE/App/usbd_desc.o
                0x0800bfc0                USBD_FS_InterfaceStrDescriptor
 .text.Get_SerialNum
                0x0800bffc       0x58 ./USB_DEVICE/App/usbd_desc.o
 .text.IntToUnicode
                0x0800c054       0x7e ./USB_DEVICE/App/usbd_desc.o
 *fill*         0x0800c0d2        0x2 
 .text.HAL_PCD_MspInit
                0x0800c0d4       0xc4 ./USB_DEVICE/Target/usbd_conf.o
                0x0800c0d4                HAL_PCD_MspInit
 .text.HAL_PCD_SetupStageCallback
                0x0800c198       0x24 ./USB_DEVICE/Target/usbd_conf.o
                0x0800c198                HAL_PCD_SetupStageCallback
 .text.HAL_PCD_DataOutStageCallback
                0x0800c1bc       0x36 ./USB_DEVICE/Target/usbd_conf.o
                0x0800c1bc                HAL_PCD_DataOutStageCallback
 .text.HAL_PCD_DataInStageCallback
                0x0800c1f2       0x34 ./USB_DEVICE/Target/usbd_conf.o
                0x0800c1f2                HAL_PCD_DataInStageCallback
 .text.HAL_PCD_SOFCallback
                0x0800c226       0x1c ./USB_DEVICE/Target/usbd_conf.o
                0x0800c226                HAL_PCD_SOFCallback
 .text.HAL_PCD_ResetCallback
                0x0800c242       0x3c ./USB_DEVICE/Target/usbd_conf.o
                0x0800c242                HAL_PCD_ResetCallback
 *fill*         0x0800c27e        0x2 
 .text.HAL_PCD_SuspendCallback
                0x0800c280       0x4c ./USB_DEVICE/Target/usbd_conf.o
                0x0800c280                HAL_PCD_SuspendCallback
 .text.HAL_PCD_ResumeCallback
                0x0800c2cc       0x1c ./USB_DEVICE/Target/usbd_conf.o
                0x0800c2cc                HAL_PCD_ResumeCallback
 .text.HAL_PCD_ISOOUTIncompleteCallback
                0x0800c2e8       0x24 ./USB_DEVICE/Target/usbd_conf.o
                0x0800c2e8                HAL_PCD_ISOOUTIncompleteCallback
 .text.HAL_PCD_ISOINIncompleteCallback
                0x0800c30c       0x24 ./USB_DEVICE/Target/usbd_conf.o
                0x0800c30c                HAL_PCD_ISOINIncompleteCallback
 .text.HAL_PCD_ConnectCallback
                0x0800c330       0x1c ./USB_DEVICE/Target/usbd_conf.o
                0x0800c330                HAL_PCD_ConnectCallback
 .text.HAL_PCD_DisconnectCallback
                0x0800c34c       0x1c ./USB_DEVICE/Target/usbd_conf.o
                0x0800c34c                HAL_PCD_DisconnectCallback
 .text.USBD_LL_Init
                0x0800c368       0x98 ./USB_DEVICE/Target/usbd_conf.o
                0x0800c368                USBD_LL_Init
 .text.USBD_LL_Start
                0x0800c400       0x36 ./USB_DEVICE/Target/usbd_conf.o
                0x0800c400                USBD_LL_Start
 .text.USBD_LL_OpenEP
                0x0800c436       0x4c ./USB_DEVICE/Target/usbd_conf.o
                0x0800c436                USBD_LL_OpenEP
 .text.USBD_LL_CloseEP
                0x0800c482       0x3e ./USB_DEVICE/Target/usbd_conf.o
                0x0800c482                USBD_LL_CloseEP
 .text.USBD_LL_StallEP
                0x0800c4c0       0x3e ./USB_DEVICE/Target/usbd_conf.o
                0x0800c4c0                USBD_LL_StallEP
 .text.USBD_LL_ClearStallEP
                0x0800c4fe       0x3e ./USB_DEVICE/Target/usbd_conf.o
                0x0800c4fe                USBD_LL_ClearStallEP
 .text.USBD_LL_IsStallEP
                0x0800c53c       0x58 ./USB_DEVICE/Target/usbd_conf.o
                0x0800c53c                USBD_LL_IsStallEP
 .text.USBD_LL_SetUSBAddress
                0x0800c594       0x3e ./USB_DEVICE/Target/usbd_conf.o
                0x0800c594                USBD_LL_SetUSBAddress
 .text.USBD_LL_Transmit
                0x0800c5d2       0x42 ./USB_DEVICE/Target/usbd_conf.o
                0x0800c5d2                USBD_LL_Transmit
 .text.USBD_LL_PrepareReceive
                0x0800c614       0x42 ./USB_DEVICE/Target/usbd_conf.o
                0x0800c614                USBD_LL_PrepareReceive
 .text.USBD_LL_GetRxDataSize
                0x0800c656       0x26 ./USB_DEVICE/Target/usbd_conf.o
                0x0800c656                USBD_LL_GetRxDataSize
 .text.USBD_static_malloc
                0x0800c67c       0x1c ./USB_DEVICE/Target/usbd_conf.o
                0x0800c67c                USBD_static_malloc
 .text.USBD_static_free
                0x0800c698       0x14 ./USB_DEVICE/Target/usbd_conf.o
                0x0800c698                USBD_static_free
 .text.USBD_Get_USB_Status
                0x0800c6ac       0x58 ./USB_DEVICE/Target/usbd_conf.o
                0x0800c6ac                USBD_Get_USB_Status
 .text.snprintf
                0x0800c704       0x68 C:/ST/STM32CubeIDE_1.17.0/STM32CubeIDE/plugins/com.st.stm32cube.ide.mcu.externaltools.gnu-tools-for-stm32.12.3.rel1.win32_1.1.0.202410251130/tools/bin/../lib/gcc/arm-none-eabi/12.3.1/../../../../arm-none-eabi/lib/thumb/v7e-m+fp/hard\libc_nano.a(libc_a-snprintf.o)
                0x0800c704                sniprintf
                0x0800c704                snprintf
 .text.sprintf  0x0800c76c       0x40 C:/ST/STM32CubeIDE_1.17.0/STM32CubeIDE/plugins/com.st.stm32cube.ide.mcu.externaltools.gnu-tools-for-stm32.12.3.rel1.win32_1.1.0.202410251130/tools/bin/../lib/gcc/arm-none-eabi/12.3.1/../../../../arm-none-eabi/lib/thumb/v7e-m+fp/hard\libc_nano.a(libc_a-sprintf.o)
                0x0800c76c                siprintf
                0x0800c76c                sprintf
 .text.sscanf   0x0800c7ac       0x54 C:/ST/STM32CubeIDE_1.17.0/STM32CubeIDE/plugins/com.st.stm32cube.ide.mcu.externaltools.gnu-tools-for-stm32.12.3.rel1.win32_1.1.0.202410251130/tools/bin/../lib/gcc/arm-none-eabi/12.3.1/../../../../arm-none-eabi/lib/thumb/v7e-m+fp/hard\libc_nano.a(libc_a-sscanf.o)
                0x0800c7ac                siscanf
                0x0800c7ac                sscanf
 .text.__seofread
                0x0800c800        0x4 C:/ST/STM32CubeIDE_1.17.0/STM32CubeIDE/plugins/com.st.stm32cube.ide.mcu.externaltools.gnu-tools-for-stm32.12.3.rel1.win32_1.1.0.202410251130/tools/bin/../lib/gcc/arm-none-eabi/12.3.1/../../../../arm-none-eabi/lib/thumb/v7e-m+fp/hard\libc_nano.a(libc_a-stdio.o)
                0x0800c800                __seofread
 .text.memset   0x0800c804       0x10 C:/ST/STM32CubeIDE_1.17.0/STM32CubeIDE/plugins/com.st.stm32cube.ide.mcu.externaltools.gnu-tools-for-stm32.12.3.rel1.win32_1.1.0.202410251130/tools/bin/../lib/gcc/arm-none-eabi/12.3.1/../../../../arm-none-eabi/lib/thumb/v7e-m+fp/hard\libc_nano.a(libc_a-memset.o)
                0x0800c804                memset
 .text.strcspn  0x0800c814       0x22 C:/ST/STM32CubeIDE_1.17.0/STM32CubeIDE/plugins/com.st.stm32cube.ide.mcu.externaltools.gnu-tools-for-stm32.12.3.rel1.win32_1.1.0.202410251130/tools/bin/../lib/gcc/arm-none-eabi/12.3.1/../../../../arm-none-eabi/lib/thumb/v7e-m+fp/hard\libc_nano.a(libc_a-strcspn.o)
                0x0800c814                strcspn
 .text.strncmp  0x0800c836       0x24 C:/ST/STM32CubeIDE_1.17.0/STM32CubeIDE/plugins/com.st.stm32cube.ide.mcu.externaltools.gnu-tools-for-stm32.12.3.rel1.win32_1.1.0.202410251130/tools/bin/../lib/gcc/arm-none-eabi/12.3.1/../../../../arm-none-eabi/lib/thumb/v7e-m+fp/hard\libc_nano.a(libc_a-strncmp.o)
                0x0800c836                strncmp
 *fill*         0x0800c85a        0x2 
 .text.__errno  0x0800c85c        0xc C:/ST/STM32CubeIDE_1.17.0/STM32CubeIDE/plugins/com.st.stm32cube.ide.mcu.externaltools.gnu-tools-for-stm32.12.3.rel1.win32_1.1.0.202410251130/tools/bin/../lib/gcc/arm-none-eabi/12.3.1/../../../../arm-none-eabi/lib/thumb/v7e-m+fp/hard\libc_nano.a(libc_a-errno.o)
                0x0800c85c                __errno
 .text.__libc_init_array
                0x0800c868       0x48 C:/ST/STM32CubeIDE_1.17.0/STM32CubeIDE/plugins/com.st.stm32cube.ide.mcu.externaltools.gnu-tools-for-stm32.12.3.rel1.win32_1.1.0.202410251130/tools/bin/../lib/gcc/arm-none-eabi/12.3.1/../../../../arm-none-eabi/lib/thumb/v7e-m+fp/hard\libc_nano.a(libc_a-init.o)
                0x0800c868                __libc_init_array
 .text.__retarget_lock_acquire_recursive
                0x0800c8b0        0x2 C:/ST/STM32CubeIDE_1.17.0/STM32CubeIDE/plugins/com.st.stm32cube.ide.mcu.externaltools.gnu-tools-for-stm32.12.3.rel1.win32_1.1.0.202410251130/tools/bin/../lib/gcc/arm-none-eabi/12.3.1/../../../../arm-none-eabi/lib/thumb/v7e-m+fp/hard\libc_nano.a(libc_a-lock.o)
                0x0800c8b0                __retarget_lock_acquire_recursive
 .text.__retarget_lock_release_recursive
                0x0800c8b2        0x2 C:/ST/STM32CubeIDE_1.17.0/STM32CubeIDE/plugins/com.st.stm32cube.ide.mcu.externaltools.gnu-tools-for-stm32.12.3.rel1.win32_1.1.0.202410251130/tools/bin/../lib/gcc/arm-none-eabi/12.3.1/../../../../arm-none-eabi/lib/thumb/v7e-m+fp/hard\libc_nano.a(libc_a-lock.o)
                0x0800c8b2                __retarget_lock_release_recursive
 .text.strcpy   0x0800c8b4       0x10 C:/ST/STM32CubeIDE_1.17.0/STM32CubeIDE/plugins/com.st.stm32cube.ide.mcu.externaltools.gnu-tools-for-stm32.12.3.rel1.win32_1.1.0.202410251130/tools/bin/../lib/gcc/arm-none-eabi/12.3.1/../../../../arm-none-eabi/lib/thumb/v7e-m+fp/hard\libc_nano.a(libc_a-strcpy.o)
                0x0800c8b4                strcpy
 .text.memcpy   0x0800c8c4       0x1c C:/ST/STM32CubeIDE_1.17.0/STM32CubeIDE/plugins/com.st.stm32cube.ide.mcu.externaltools.gnu-tools-for-stm32.12.3.rel1.win32_1.1.0.202410251130/tools/bin/../lib/gcc/arm-none-eabi/12.3.1/../../../../arm-none-eabi/lib/thumb/v7e-m+fp/hard\libc_nano.a(libc_a-memcpy-stub.o)
                0x0800c8c4                memcpy
 .text._free_r  0x0800c8e0       0x94 C:/ST/STM32CubeIDE_1.17.0/STM32CubeIDE/plugins/com.st.stm32cube.ide.mcu.externaltools.gnu-tools-for-stm32.12.3.rel1.win32_1.1.0.202410251130/tools/bin/../lib/gcc/arm-none-eabi/12.3.1/../../../../arm-none-eabi/lib/thumb/v7e-m+fp/hard\libc_nano.a(libc_a-freer.o)
                0x0800c8e0                _free_r
 .text.sbrk_aligned
                0x0800c974       0x44 C:/ST/STM32CubeIDE_1.17.0/STM32CubeIDE/plugins/com.st.stm32cube.ide.mcu.externaltools.gnu-tools-for-stm32.12.3.rel1.win32_1.1.0.202410251130/tools/bin/../lib/gcc/arm-none-eabi/12.3.1/../../../../arm-none-eabi/lib/thumb/v7e-m+fp/hard\libc_nano.a(libc_a-mallocr.o)
 .text._malloc_r
                0x0800c9b8      0x100 C:/ST/STM32CubeIDE_1.17.0/STM32CubeIDE/plugins/com.st.stm32cube.ide.mcu.externaltools.gnu-tools-for-stm32.12.3.rel1.win32_1.1.0.202410251130/tools/bin/../lib/gcc/arm-none-eabi/12.3.1/../../../../arm-none-eabi/lib/thumb/v7e-m+fp/hard\libc_nano.a(libc_a-mallocr.o)
                0x0800c9b8                _malloc_r
 .text.__malloc_lock
                0x0800cab8        0xc C:/ST/STM32CubeIDE_1.17.0/STM32CubeIDE/plugins/com.st.stm32cube.ide.mcu.externaltools.gnu-tools-for-stm32.12.3.rel1.win32_1.1.0.202410251130/tools/bin/../lib/gcc/arm-none-eabi/12.3.1/../../../../arm-none-eabi/lib/thumb/v7e-m+fp/hard\libc_nano.a(libc_a-mlock.o)
                0x0800cab8                __malloc_lock
 .text.__malloc_unlock
                0x0800cac4        0xc C:/ST/STM32CubeIDE_1.17.0/STM32CubeIDE/plugins/com.st.stm32cube.ide.mcu.externaltools.gnu-tools-for-stm32.12.3.rel1.win32_1.1.0.202410251130/tools/bin/../lib/gcc/arm-none-eabi/12.3.1/../../../../arm-none-eabi/lib/thumb/v7e-m+fp/hard\libc_nano.a(libc_a-mlock.o)
                0x0800cac4                __malloc_unlock
 .text.__ssputs_r
                0x0800cad0       0xb6 C:/ST/STM32CubeIDE_1.17.0/STM32CubeIDE/plugins/com.st.stm32cube.ide.mcu.externaltools.gnu-tools-for-stm32.12.3.rel1.win32_1.1.0.202410251130/tools/bin/../lib/gcc/arm-none-eabi/12.3.1/../../../../arm-none-eabi/lib/thumb/v7e-m+fp/hard\libc_nano.a(libc_a-nano-svfprintf.o)
                0x0800cad0                __ssputs_r
 *fill*         0x0800cb86        0x2 
 .text._svfprintf_r
                0x0800cb88      0x1f8 C:/ST/STM32CubeIDE_1.17.0/STM32CubeIDE/plugins/com.st.stm32cube.ide.mcu.externaltools.gnu-tools-for-stm32.12.3.rel1.win32_1.1.0.202410251130/tools/bin/../lib/gcc/arm-none-eabi/12.3.1/../../../../arm-none-eabi/lib/thumb/v7e-m+fp/hard\libc_nano.a(libc_a-nano-svfprintf.o)
                0x0800cb88                _svfiprintf_r
                0x0800cb88                _svfprintf_r
 .text._sungetc_r
                0x0800cd80       0x76 C:/ST/STM32CubeIDE_1.17.0/STM32CubeIDE/plugins/com.st.stm32cube.ide.mcu.externaltools.gnu-tools-for-stm32.12.3.rel1.win32_1.1.0.202410251130/tools/bin/../lib/gcc/arm-none-eabi/12.3.1/../../../../arm-none-eabi/lib/thumb/v7e-m+fp/hard\libc_nano.a(libc_a-nano-svfscanf.o)
                0x0800cd80                _sungetc_r
 .text.__ssrefill_r
                0x0800cdf6       0x3a C:/ST/STM32CubeIDE_1.17.0/STM32CubeIDE/plugins/com.st.stm32cube.ide.mcu.externaltools.gnu-tools-for-stm32.12.3.rel1.win32_1.1.0.202410251130/tools/bin/../lib/gcc/arm-none-eabi/12.3.1/../../../../arm-none-eabi/lib/thumb/v7e-m+fp/hard\libc_nano.a(libc_a-nano-svfscanf.o)
                0x0800cdf6                __ssrefill_r
 .text.__ssvfscanf_r
                0x0800ce30      0x2e8 C:/ST/STM32CubeIDE_1.17.0/STM32CubeIDE/plugins/com.st.stm32cube.ide.mcu.externaltools.gnu-tools-for-stm32.12.3.rel1.win32_1.1.0.202410251130/tools/bin/../lib/gcc/arm-none-eabi/12.3.1/../../../../arm-none-eabi/lib/thumb/v7e-m+fp/hard\libc_nano.a(libc_a-nano-svfscanf.o)
                0x0800ce30                __ssvfiscanf_r
                0x0800ce30                __ssvfscanf_r
 .text._printf_common
                0x0800d118       0xda C:/ST/STM32CubeIDE_1.17.0/STM32CubeIDE/plugins/com.st.stm32cube.ide.mcu.externaltools.gnu-tools-for-stm32.12.3.rel1.win32_1.1.0.202410251130/tools/bin/../lib/gcc/arm-none-eabi/12.3.1/../../../../arm-none-eabi/lib/thumb/v7e-m+fp/hard\libc_nano.a(libc_a-nano-vfprintf_i.o)
                0x0800d118                _printf_common
 *fill*         0x0800d1f2        0x2 
 .text._printf_i
                0x0800d1f4      0x240 C:/ST/STM32CubeIDE_1.17.0/STM32CubeIDE/plugins/com.st.stm32cube.ide.mcu.externaltools.gnu-tools-for-stm32.12.3.rel1.win32_1.1.0.202410251130/tools/bin/../lib/gcc/arm-none-eabi/12.3.1/../../../../arm-none-eabi/lib/thumb/v7e-m+fp/hard\libc_nano.a(libc_a-nano-vfprintf_i.o)
                0x0800d1f4                _printf_i
 .text._scanf_chars
                0x0800d434       0xb4 C:/ST/STM32CubeIDE_1.17.0/STM32CubeIDE/plugins/com.st.stm32cube.ide.mcu.externaltools.gnu-tools-for-stm32.12.3.rel1.win32_1.1.0.202410251130/tools/bin/../lib/gcc/arm-none-eabi/12.3.1/../../../../arm-none-eabi/lib/thumb/v7e-m+fp/hard\libc_nano.a(libc_a-nano-vfscanf_i.o)
                0x0800d434                _scanf_chars
 .text._scanf_i
                0x0800d4e8      0x1e8 C:/ST/STM32CubeIDE_1.17.0/STM32CubeIDE/plugins/com.st.stm32cube.ide.mcu.externaltools.gnu-tools-for-stm32.12.3.rel1.win32_1.1.0.202410251130/tools/bin/../lib/gcc/arm-none-eabi/12.3.1/../../../../arm-none-eabi/lib/thumb/v7e-m+fp/hard\libc_nano.a(libc_a-nano-vfscanf_i.o)
                0x0800d4e8                _scanf_i
 .text.__sccl   0x0800d6d0       0x72 C:/ST/STM32CubeIDE_1.17.0/STM32CubeIDE/plugins/com.st.stm32cube.ide.mcu.externaltools.gnu-tools-for-stm32.12.3.rel1.win32_1.1.0.202410251130/tools/bin/../lib/gcc/arm-none-eabi/12.3.1/../../../../arm-none-eabi/lib/thumb/v7e-m+fp/hard\libc_nano.a(libc_a-sccl.o)
                0x0800d6d0                __sccl
 .text.__submore
                0x0800d742       0x74 C:/ST/STM32CubeIDE_1.17.0/STM32CubeIDE/plugins/com.st.stm32cube.ide.mcu.externaltools.gnu-tools-for-stm32.12.3.rel1.win32_1.1.0.202410251130/tools/bin/../lib/gcc/arm-none-eabi/12.3.1/../../../../arm-none-eabi/lib/thumb/v7e-m+fp/hard\libc_nano.a(libc_a-ungetc.o)
                0x0800d742                __submore
 .text.memmove  0x0800d7b6       0x34 C:/ST/STM32CubeIDE_1.17.0/STM32CubeIDE/plugins/com.st.stm32cube.ide.mcu.externaltools.gnu-tools-for-stm32.12.3.rel1.win32_1.1.0.202410251130/tools/bin/../lib/gcc/arm-none-eabi/12.3.1/../../../../arm-none-eabi/lib/thumb/v7e-m+fp/hard\libc_nano.a(libc_a-memmove.o)
                0x0800d7b6                memmove
 *fill*         0x0800d7ea        0x2 
 .text._sbrk_r  0x0800d7ec       0x20 C:/ST/STM32CubeIDE_1.17.0/STM32CubeIDE/plugins/com.st.stm32cube.ide.mcu.externaltools.gnu-tools-for-stm32.12.3.rel1.win32_1.1.0.202410251130/tools/bin/../lib/gcc/arm-none-eabi/12.3.1/../../../../arm-none-eabi/lib/thumb/v7e-m+fp/hard\libc_nano.a(libc_a-sbrkr.o)
                0x0800d7ec                _sbrk_r
 .text._realloc_r
                0x0800d80c       0x5c C:/ST/STM32CubeIDE_1.17.0/STM32CubeIDE/plugins/com.st.stm32cube.ide.mcu.externaltools.gnu-tools-for-stm32.12.3.rel1.win32_1.1.0.202410251130/tools/bin/../lib/gcc/arm-none-eabi/12.3.1/../../../../arm-none-eabi/lib/thumb/v7e-m+fp/hard\libc_nano.a(libc_a-reallocr.o)
                0x0800d80c                _realloc_r
 .text._strtol_l.constprop.0
                0x0800d868       0xf4 C:/ST/STM32CubeIDE_1.17.0/STM32CubeIDE/plugins/com.st.stm32cube.ide.mcu.externaltools.gnu-tools-for-stm32.12.3.rel1.win32_1.1.0.202410251130/tools/bin/../lib/gcc/arm-none-eabi/12.3.1/../../../../arm-none-eabi/lib/thumb/v7e-m+fp/hard\libc_nano.a(libc_a-strtol.o)
 .text._strtol_r
                0x0800d95c        0x4 C:/ST/STM32CubeIDE_1.17.0/STM32CubeIDE/plugins/com.st.stm32cube.ide.mcu.externaltools.gnu-tools-for-stm32.12.3.rel1.win32_1.1.0.202410251130/tools/bin/../lib/gcc/arm-none-eabi/12.3.1/../../../../arm-none-eabi/lib/thumb/v7e-m+fp/hard\libc_nano.a(libc_a-strtol.o)
                0x0800d95c                _strtol_r
 .text._strtoul_l.constprop.0
                0x0800d960       0xdc C:/ST/STM32CubeIDE_1.17.0/STM32CubeIDE/plugins/com.st.stm32cube.ide.mcu.externaltools.gnu-tools-for-stm32.12.3.rel1.win32_1.1.0.202410251130/tools/bin/../lib/gcc/arm-none-eabi/12.3.1/../../../../arm-none-eabi/lib/thumb/v7e-m+fp/hard\libc_nano.a(libc_a-strtoul.o)
 .text._strtoul_r
                0x0800da3c        0x4 C:/ST/STM32CubeIDE_1.17.0/STM32CubeIDE/plugins/com.st.stm32cube.ide.mcu.externaltools.gnu-tools-for-stm32.12.3.rel1.win32_1.1.0.202410251130/tools/bin/../lib/gcc/arm-none-eabi/12.3.1/../../../../arm-none-eabi/lib/thumb/v7e-m+fp/hard\libc_nano.a(libc_a-strtoul.o)
                0x0800da3c                _strtoul_r
 .text._malloc_usable_size_r
                0x0800da40       0x10 C:/ST/STM32CubeIDE_1.17.0/STM32CubeIDE/plugins/com.st.stm32cube.ide.mcu.externaltools.gnu-tools-for-stm32.12.3.rel1.win32_1.1.0.202410251130/tools/bin/../lib/gcc/arm-none-eabi/12.3.1/../../../../arm-none-eabi/lib/thumb/v7e-m+fp/hard\libc_nano.a(libc_a-msizer.o)
                0x0800da40                _malloc_usable_size_r
 *(.glue_7)
 .glue_7        0x0800da50        0x0 linker stubs
 *(.glue_7t)
 .glue_7t       0x0800da50        0x0 linker stubs
 *(.eh_frame)
 .eh_frame      0x0800da50        0x0 C:/ST/STM32CubeIDE_1.17.0/STM32CubeIDE/plugins/com.st.stm32cube.ide.mcu.externaltools.gnu-tools-for-stm32.12.3.rel1.win32_1.1.0.202410251130/tools/bin/../lib/gcc/arm-none-eabi/12.3.1/thumb/v7e-m+fp/hard/crtbegin.o
 *(.init)
 .init          0x0800da50        0x4 C:/ST/STM32CubeIDE_1.17.0/STM32CubeIDE/plugins/com.st.stm32cube.ide.mcu.externaltools.gnu-tools-for-stm32.12.3.rel1.win32_1.1.0.202410251130/tools/bin/../lib/gcc/arm-none-eabi/12.3.1/thumb/v7e-m+fp/hard/crti.o
                0x0800da50                _init
 .init          0x0800da54        0x8 C:/ST/STM32CubeIDE_1.17.0/STM32CubeIDE/plugins/com.st.stm32cube.ide.mcu.externaltools.gnu-tools-for-stm32.12.3.rel1.win32_1.1.0.202410251130/tools/bin/../lib/gcc/arm-none-eabi/12.3.1/thumb/v7e-m+fp/hard/crtn.o
 *(.fini)
 .fini          0x0800da5c        0x4 C:/ST/STM32CubeIDE_1.17.0/STM32CubeIDE/plugins/com.st.stm32cube.ide.mcu.externaltools.gnu-tools-for-stm32.12.3.rel1.win32_1.1.0.202410251130/tools/bin/../lib/gcc/arm-none-eabi/12.3.1/thumb/v7e-m+fp/hard/crti.o
                0x0800da5c                _fini
 .fini          0x0800da60        0x8 C:/ST/STM32CubeIDE_1.17.0/STM32CubeIDE/plugins/com.st.stm32cube.ide.mcu.externaltools.gnu-tools-for-stm32.12.3.rel1.win32_1.1.0.202410251130/tools/bin/../lib/gcc/arm-none-eabi/12.3.1/thumb/v7e-m+fp/hard/crtn.o
                0x0800da68                        . = ALIGN (0x4)
                0x0800da68                        _etext = .

.vfp11_veneer   0x0800da68        0x0
 .vfp11_veneer  0x0800da68        0x0 linker stubs

.v4_bx          0x0800da68        0x0
 .v4_bx         0x0800da68        0x0 linker stubs

.iplt           0x0800da68        0x0
 .iplt          0x0800da68        0x0 C:/ST/STM32CubeIDE_1.17.0/STM32CubeIDE/plugins/com.st.stm32cube.ide.mcu.externaltools.gnu-tools-for-stm32.12.3.rel1.win32_1.1.0.202410251130/tools/bin/../lib/gcc/arm-none-eabi/12.3.1/thumb/v7e-m+fp/hard/crtbegin.o

.rodata         0x0800da68      0xad8
                0x0800da68                        . = ALIGN (0x4)
 *(.rodata)
 .rodata        0x0800da68      0x11f ./Core/Src/main.o
 *fill*         0x0800db87        0x1 
 .rodata        0x0800db88        0x5 ./Middlewares/Third_Party/FreeRTOS/Source/tasks.o
 *fill*         0x0800db8d        0x3 
 .rodata        0x0800db90        0xd ./Middlewares/Third_Party/FreeRTOS/Source/timers.o
 *fill*         0x0800db9d        0x3 
 .rodata        0x0800dba0       0x46 ./USB_DEVICE/App/usbd_desc.o
 *fill*         0x0800dbe6        0x2 
 .rodata        0x0800dbe8        0xc C:/ST/STM32CubeIDE_1.17.0/STM32CubeIDE/plugins/com.st.stm32cube.ide.mcu.externaltools.gnu-tools-for-stm32.12.3.rel1.win32_1.1.0.202410251130/tools/bin/../lib/gcc/arm-none-eabi/12.3.1/../../../../arm-none-eabi/lib/thumb/v7e-m+fp/hard\libc_nano.a(libc_a-nano-vfscanf_i.o)
 *(.rodata*)
 .rodata.UsbCommTask_attributes
                0x0800dbf4       0x24 ./Core/Src/main.o
                0x0800dbf4                UsbCommTask_attributes
 .rodata.ParkingManagerT_attributes
                0x0800dc18       0x24 ./Core/Src/main.o
                0x0800dc18                ParkingManagerT_attributes
 .rodata.DisplayTask_attributes
                0x0800dc3c       0x24 ./Core/Src/main.o
                0x0800dc3c                DisplayTask_attributes
 .rodata.AHBPrescTable
                0x0800dc60       0x10 ./Core/Src/system_stm32f4xx.o
                0x0800dc60                AHBPrescTable
 .rodata.APBPrescTable
                0x0800dc70        0x8 ./Core/Src/system_stm32f4xx.o
                0x0800dc70                APBPrescTable
 .rodata.Font7x10
                0x0800dc78      0x76c ./Drivers/OLED/ssd1306_fonts.o
 .rodata.Font_7x10
                0x0800e3e4        0xc ./Drivers/OLED/ssd1306_fonts.o
                0x0800e3e4                Font_7x10
 .rodata._svfprintf_r.str1.1
                0x0800e3f0       0x11 C:/ST/STM32CubeIDE_1.17.0/STM32CubeIDE/plugins/com.st.stm32cube.ide.mcu.externaltools.gnu-tools-for-stm32.12.3.rel1.win32_1.1.0.202410251130/tools/bin/../lib/gcc/arm-none-eabi/12.3.1/../../../../arm-none-eabi/lib/thumb/v7e-m+fp/hard\libc_nano.a(libc_a-nano-svfprintf.o)
 .rodata.__ssvfscanf_r.str1.1
                0x0800e401        0x4 C:/ST/STM32CubeIDE_1.17.0/STM32CubeIDE/plugins/com.st.stm32cube.ide.mcu.externaltools.gnu-tools-for-stm32.12.3.rel1.win32_1.1.0.202410251130/tools/bin/../lib/gcc/arm-none-eabi/12.3.1/../../../../arm-none-eabi/lib/thumb/v7e-m+fp/hard\libc_nano.a(libc_a-nano-svfscanf.o)
 .rodata._printf_i.str1.1
                0x0800e401       0x22 C:/ST/STM32CubeIDE_1.17.0/STM32CubeIDE/plugins/com.st.stm32cube.ide.mcu.externaltools.gnu-tools-for-stm32.12.3.rel1.win32_1.1.0.202410251130/tools/bin/../lib/gcc/arm-none-eabi/12.3.1/../../../../arm-none-eabi/lib/thumb/v7e-m+fp/hard\libc_nano.a(libc_a-nano-vfprintf_i.o)
 .rodata._scanf_i.str1.1
                0x0800e423       0x12 C:/ST/STM32CubeIDE_1.17.0/STM32CubeIDE/plugins/com.st.stm32cube.ide.mcu.externaltools.gnu-tools-for-stm32.12.3.rel1.win32_1.1.0.202410251130/tools/bin/../lib/gcc/arm-none-eabi/12.3.1/../../../../arm-none-eabi/lib/thumb/v7e-m+fp/hard\libc_nano.a(libc_a-nano-vfscanf_i.o)
 .rodata.str1.1
                0x0800e435        0x9 C:/ST/STM32CubeIDE_1.17.0/STM32CubeIDE/plugins/com.st.stm32cube.ide.mcu.externaltools.gnu-tools-for-stm32.12.3.rel1.win32_1.1.0.202410251130/tools/bin/../lib/gcc/arm-none-eabi/12.3.1/../../../../arm-none-eabi/lib/thumb/v7e-m+fp/hard\libc_nano.a(libc_a-nano-vfscanf_i.o)
 .rodata._ctype_
                0x0800e43e      0x101 C:/ST/STM32CubeIDE_1.17.0/STM32CubeIDE/plugins/com.st.stm32cube.ide.mcu.externaltools.gnu-tools-for-stm32.12.3.rel1.win32_1.1.0.202410251130/tools/bin/../lib/gcc/arm-none-eabi/12.3.1/../../../../arm-none-eabi/lib/thumb/v7e-m+fp/hard\libc_nano.a(libc_a-ctype_.o)
                0x0800e43e                _ctype_
                0x0800e540                        . = ALIGN (0x4)
 *fill*         0x0800e53f        0x1 

.ARM.extab      0x0800e540        0x0
                0x0800e540                        . = ALIGN (0x4)
 *(.ARM.extab* .gnu.linkonce.armextab.*)
                0x0800e540                        . = ALIGN (0x4)

.ARM            0x0800e540        0x8
                0x0800e540                        . = ALIGN (0x4)
                0x0800e540                        __exidx_start = .
 *(.ARM.exidx*)
 .ARM.exidx     0x0800e540        0x8 C:/ST/STM32CubeIDE_1.17.0/STM32CubeIDE/plugins/com.st.stm32cube.ide.mcu.externaltools.gnu-tools-for-stm32.12.3.rel1.win32_1.1.0.202410251130/tools/bin/../lib/gcc/arm-none-eabi/12.3.1/../../../../arm-none-eabi/lib/thumb/v7e-m+fp/hard\libc_nano.a(libc_a-strcmp.o)
 .ARM.exidx     0x0800e548        0x0 C:/ST/STM32CubeIDE_1.17.0/STM32CubeIDE/plugins/com.st.stm32cube.ide.mcu.externaltools.gnu-tools-for-stm32.12.3.rel1.win32_1.1.0.202410251130/tools/bin/../lib/gcc/arm-none-eabi/12.3.1/../../../../arm-none-eabi/lib/thumb/v7e-m+fp/hard\libc_nano.a(libc_a-strlen.o)
                                  0x8 (size before relaxing)
 .ARM.exidx     0x0800e548        0x0 C:/ST/STM32CubeIDE_1.17.0/STM32CubeIDE/plugins/com.st.stm32cube.ide.mcu.externaltools.gnu-tools-for-stm32.12.3.rel1.win32_1.1.0.202410251130/tools/bin/../lib/gcc/arm-none-eabi/12.3.1/../../../../arm-none-eabi/lib/thumb/v7e-m+fp/hard\libc_nano.a(libc_a-memchr.o)
                                  0x8 (size before relaxing)
 .ARM.exidx     0x0800e548        0x0 C:/ST/STM32CubeIDE_1.17.0/STM32CubeIDE/plugins/com.st.stm32cube.ide.mcu.externaltools.gnu-tools-for-stm32.12.3.rel1.win32_1.1.0.202410251130/tools/bin/../lib/gcc/arm-none-eabi/12.3.1/thumb/v7e-m+fp/hard\libgcc.a(_udivmoddi4.o)
                                  0x8 (size before relaxing)
                0x0800e548                        __exidx_end = .
                0x0800e548                        . = ALIGN (0x4)

.preinit_array  0x0800e548        0x0
                0x0800e548                        . = ALIGN (0x4)
                0x0800e548                        PROVIDE (__preinit_array_start = .)
 *(.preinit_array*)
                0x0800e548                        PROVIDE (__preinit_array_end = .)
                0x0800e548                        . = ALIGN (0x4)

.init_array     0x0800e548        0x4
                0x0800e548                        . = ALIGN (0x4)
                0x0800e548                        PROVIDE (__init_array_start = .)
 *(SORT_BY_NAME(.init_array.*))
 *(.init_array*)
 .init_array    0x0800e548        0x4 C:/ST/STM32CubeIDE_1.17.0/STM32CubeIDE/plugins/com.st.stm32cube.ide.mcu.externaltools.gnu-tools-for-stm32.12.3.rel1.win32_1.1.0.202410251130/tools/bin/../lib/gcc/arm-none-eabi/12.3.1/thumb/v7e-m+fp/hard/crtbegin.o
                0x0800e54c                        PROVIDE (__init_array_end = .)
                0x0800e54c                        . = ALIGN (0x4)

.fini_array     0x0800e54c        0x4
                0x0800e54c                        . = ALIGN (0x4)
                [!provide]                        PROVIDE (__fini_array_start = .)
 *(SORT_BY_NAME(.fini_array.*))
 *(.fini_array*)
 .fini_array    0x0800e54c        0x4 C:/ST/STM32CubeIDE_1.17.0/STM32CubeIDE/plugins/com.st.stm32cube.ide.mcu.externaltools.gnu-tools-for-stm32.12.3.rel1.win32_1.1.0.202410251130/tools/bin/../lib/gcc/arm-none-eabi/12.3.1/thumb/v7e-m+fp/hard/crtbegin.o
                [!provide]                        PROVIDE (__fini_array_end = .)
                0x0800e550                        . = ALIGN (0x4)
                0x0800e550                        _sidata = LOADADDR (.data)

.rel.dyn        0x0800e550        0x0
 .rel.iplt      0x0800e550        0x0 C:/ST/STM32CubeIDE_1.17.0/STM32CubeIDE/plugins/com.st.stm32cube.ide.mcu.externaltools.gnu-tools-for-stm32.12.3.rel1.win32_1.1.0.202410251130/tools/bin/../lib/gcc/arm-none-eabi/12.3.1/thumb/v7e-m+fp/hard/crtbegin.o

.data           0x20000000      0x150 load address 0x0800e550
                0x20000000                        . = ALIGN (0x4)
                0x20000000                        _sdata = .
 *(.data)
 *(.data*)
 .data.SystemCoreClock
                0x20000000        0x4 ./Core/Src/system_stm32f4xx.o
                0x20000000                SystemCoreClock
 .data.uwTickPrio
                0x20000004        0x4 ./Drivers/STM32F4xx_HAL_Driver/Src/stm32f4xx_hal.o
                0x20000004                uwTickPrio
 .data.uwTickFreq
                0x20000008        0x1 ./Drivers/STM32F4xx_HAL_Driver/Src/stm32f4xx_hal.o
                0x20000008                uwTickFreq
 *fill*         0x20000009        0x3 
 .data.USBD_CDC_DeviceQualifierDesc
                0x2000000c        0xa ./Middlewares/ST/STM32_USB_Device_Library/Class/CDC/Src/usbd_cdc.o
 *fill*         0x20000016        0x2 
 .data.USBD_CDC
                0x20000018       0x38 ./Middlewares/ST/STM32_USB_Device_Library/Class/CDC/Src/usbd_cdc.o
                0x20000018                USBD_CDC
 .data.USBD_CDC_CfgDesc
                0x20000050       0x43 ./Middlewares/ST/STM32_USB_Device_Library/Class/CDC/Src/usbd_cdc.o
 .data.CDCInEpAdd
                0x20000093        0x1 ./Middlewares/ST/STM32_USB_Device_Library/Class/CDC/Src/usbd_cdc.o
 .data.CDCOutEpAdd
                0x20000094        0x1 ./Middlewares/ST/STM32_USB_Device_Library/Class/CDC/Src/usbd_cdc.o
 .data.CDCCmdEpAdd
                0x20000095        0x1 ./Middlewares/ST/STM32_USB_Device_Library/Class/CDC/Src/usbd_cdc.o
 *fill*         0x20000096        0x2 
 .data.uxCriticalNesting
                0x20000098        0x4 ./Middlewares/Third_Party/FreeRTOS/Source/portable/GCC/ARM_CM4F/port.o
 .data.USBD_Interface_fops_FS
                0x2000009c       0x14 ./USB_DEVICE/App/usbd_cdc_if.o
                0x2000009c                USBD_Interface_fops_FS
 .data.FS_Desc  0x200000b0       0x1c ./USB_DEVICE/App/usbd_desc.o
                0x200000b0                FS_Desc
 .data.USBD_FS_DeviceDesc
                0x200000cc       0x12 ./USB_DEVICE/App/usbd_desc.o
                0x200000cc                USBD_FS_DeviceDesc
 *fill*         0x200000de        0x2 
 .data.USBD_LangIDDesc
                0x200000e0        0x4 ./USB_DEVICE/App/usbd_desc.o
                0x200000e0                USBD_LangIDDesc
 .data.USBD_StringSerial
                0x200000e4       0x1a ./USB_DEVICE/App/usbd_desc.o
                0x200000e4                USBD_StringSerial
 *fill*         0x200000fe        0x2 
 .data._impure_ptr
                0x20000100        0x4 C:/ST/STM32CubeIDE_1.17.0/STM32CubeIDE/plugins/com.st.stm32cube.ide.mcu.externaltools.gnu-tools-for-stm32.12.3.rel1.win32_1.1.0.202410251130/tools/bin/../lib/gcc/arm-none-eabi/12.3.1/../../../../arm-none-eabi/lib/thumb/v7e-m+fp/hard\libc_nano.a(libc_a-impure.o)
                0x20000100                _impure_ptr
 .data._impure_data
                0x20000104       0x4c C:/ST/STM32CubeIDE_1.17.0/STM32CubeIDE/plugins/com.st.stm32cube.ide.mcu.externaltools.gnu-tools-for-stm32.12.3.rel1.win32_1.1.0.202410251130/tools/bin/../lib/gcc/arm-none-eabi/12.3.1/../../../../arm-none-eabi/lib/thumb/v7e-m+fp/hard\libc_nano.a(libc_a-impure.o)
                0x20000104                _impure_data
 *(.RamFunc)
 *(.RamFunc*)
                0x20000150                        . = ALIGN (0x4)
                0x20000150                        _edata = .

.igot.plt       0x20000150        0x0 load address 0x0800e6a0
 .igot.plt      0x20000150        0x0 C:/ST/STM32CubeIDE_1.17.0/STM32CubeIDE/plugins/com.st.stm32cube.ide.mcu.externaltools.gnu-tools-for-stm32.12.3.rel1.win32_1.1.0.202410251130/tools/bin/../lib/gcc/arm-none-eabi/12.3.1/thumb/v7e-m+fp/hard/crtbegin.o
                0x20000150                        . = ALIGN (0x4)

.bss            0x20000150     0x6ab8 load address 0x0800e6a0
                0x20000150                        _sbss = .
                0x20000150                        __bss_start__ = _sbss
 *(.bss)
 .bss           0x20000150       0x1c C:/ST/STM32CubeIDE_1.17.0/STM32CubeIDE/plugins/com.st.stm32cube.ide.mcu.externaltools.gnu-tools-for-stm32.12.3.rel1.win32_1.1.0.202410251130/tools/bin/../lib/gcc/arm-none-eabi/12.3.1/thumb/v7e-m+fp/hard/crtbegin.o
 *(.bss*)
 .bss.oledMutex
                0x2000016c        0x4 ./Core/Src/main.o
                0x2000016c                oledMutex
 .bss.spots     0x20000170       0x78 ./Core/Src/main.o
                0x20000170                spots
 .bss.oledQueue
                0x200001e8        0x4 ./Core/Src/main.o
                0x200001e8                oledQueue
 .bss.commandQueue
                0x200001ec        0x4 ./Core/Src/main.o
                0x200001ec                commandQueue
 .bss.rxBuffer  0x200001f0       0x40 ./Core/Src/main.o
                0x200001f0                rxBuffer
 .bss.hi2c1     0x20000230       0x54 ./Core/Src/main.o
                0x20000230                hi2c1
 .bss.hi2s2     0x20000284       0x48 ./Core/Src/main.o
                0x20000284                hi2s2
 .bss.hi2s3     0x200002cc       0x48 ./Core/Src/main.o
                0x200002cc                hi2s3
 .bss.hspi1     0x20000314       0x58 ./Core/Src/main.o
                0x20000314                hspi1
 .bss.UsbCommTaskHandle
                0x2000036c        0x4 ./Core/Src/main.o
                0x2000036c                UsbCommTaskHandle
 .bss.ParkingManagerTHandle
                0x20000370        0x4 ./Core/Src/main.o
                0x20000370                ParkingManagerTHandle
 .bss.DisplayTaskHandle